Component: ARM Compiler 5.06 update 4 (build 422) Tool: armlink [4d35d2]

==============================================================================

Section Cross References

    startup_stm32f767xx.o(RESET) refers to startup_stm32f767xx.o(STACK) for __initial_sp
    startup_stm32f767xx.o(RESET) refers to startup_stm32f767xx.o(.text) for Reset_Handler
    startup_stm32f767xx.o(RESET) refers to stm32f7xx_it.o(i.NMI_Handler) for NMI_Handler
    startup_stm32f767xx.o(RESET) refers to stm32f7xx_it.o(i.HardFault_Handler) for HardFault_Handler
    startup_stm32f767xx.o(RESET) refers to stm32f7xx_it.o(i.MemManage_Handler) for MemManage_Handler
    startup_stm32f767xx.o(RESET) refers to stm32f7xx_it.o(i.BusFault_Handler) for BusFault_Handler
    startup_stm32f767xx.o(RESET) refers to stm32f7xx_it.o(i.UsageFault_Handler) for UsageFault_Handler
    startup_stm32f767xx.o(RESET) refers to stm32f7xx_it.o(i.SVC_Handler) for SVC_Handler
    startup_stm32f767xx.o(RESET) refers to stm32f7xx_it.o(i.DebugMon_Handler) for DebugMon_Handler
    startup_stm32f767xx.o(RESET) refers to stm32f7xx_it.o(i.PendSV_Handler) for PendSV_Handler
    startup_stm32f767xx.o(RESET) refers to stm32f7xx_it.o(i.SysTick_Handler) for SysTick_Handler
    startup_stm32f767xx.o(RESET) refers to stm32f7xx_it.o(i.DMA1_Stream0_IRQHandler) for DMA1_Stream0_IRQHandler
    startup_stm32f767xx.o(RESET) refers to stm32f7xx_it.o(i.DMA1_Stream3_IRQHandler) for DMA1_Stream3_IRQHandler
    startup_stm32f767xx.o(RESET) refers to stm32f7xx_it.o(i.USART1_IRQHandler) for USART1_IRQHandler
    startup_stm32f767xx.o(RESET) refers to stm32f7xx_it.o(i.USART2_IRQHandler) for USART2_IRQHandler
    startup_stm32f767xx.o(RESET) refers to stm32f7xx_it.o(i.USART3_IRQHandler) for USART3_IRQHandler
    startup_stm32f767xx.o(RESET) refers to stm32f7xx_it.o(i.DMA1_Stream7_IRQHandler) for DMA1_Stream7_IRQHandler
    startup_stm32f767xx.o(RESET) refers to stm32f7xx_it.o(i.UART4_IRQHandler) for UART4_IRQHandler
    startup_stm32f767xx.o(RESET) refers to stm32f7xx_it.o(i.UART5_IRQHandler) for UART5_IRQHandler
    startup_stm32f767xx.o(RESET) refers to stm32f7xx_it.o(i.TIM6_DAC_IRQHandler) for TIM6_DAC_IRQHandler
    startup_stm32f767xx.o(.text) refers to system_stm32f7xx.o(i.SystemInit) for SystemInit
    startup_stm32f767xx.o(.text) refers to entry.o(.ARM.Collect$$$$00000000) for __main
    system_stm32f7xx.o(i.SystemCoreClockUpdate) refers to system_stm32f7xx.o(.data) for SystemCoreClock
    system_stm32f7xx.o(i.SystemCoreClockUpdate) refers to system_stm32f7xx.o(.constdata) for AHBPrescTable
    mainentry.o(i.HeartPulse) refers to dvc_led.o(i.LED_Toggle) for LED_Toggle
    mainentry.o(i.HeartPulse) refers to mainentry.o(.data) for counter
    mainentry.o(i.MainEntry) refers to device.o(i.InitDevice) for InitDevice
    mainentry.o(i.MainEntry) refers to message.o(i.InitMessage) for InitMessage
    mainentry.o(i.MainEntry) refers to mainentry.o(i.HeartPulse) for HeartPulse
    mainentry.o(i.MainEntry) refers to message.o(i.ParseFrameUsart5DMA) for ParseFrameUsart5DMA
    mainentry.o(i.MainEntry) refers to message.o(i.SampleAndSendImuData) for SampleAndSendImuData
    mainentry.o(i.MainEntry) refers to device.o(.data) for f10ms
    mainentry.o(i.MainEntry) refers to msg_qsens.o(.data) for RecFlag
    global.o(i.PushBytesDoubleBuffer) refers to global.o(i.PushDoubleBuffer) for PushDoubleBuffer
    global.o(i.PushWordDoubleBuffer) refers to global.o(i.PushDoubleBuffer) for PushDoubleBuffer
    device.o(i.HAL_TIM_PeriodElapsedCallback) refers to tim.o(.bss) for htim6
    device.o(i.HAL_TIM_PeriodElapsedCallback) refers to device.o(.data) for f10ms
    device.o(i.HAL_UART_ErrorCallback) refers to stm32f7xx_hal_uart.o(i.HAL_UART_GetError) for HAL_UART_GetError
    device.o(i.HAL_UART_RxCpltCallback) refers to enhancedstm32.o(i.RecieveInputStream_IT) for RecieveInputStream_IT
    device.o(i.HAL_UART_RxCpltCallback) refers to enhancedstm32.o(i.DmaCircularBufferIrqHandle) for DmaCircularBufferIrqHandle
    device.o(i.HAL_UART_RxCpltCallback) refers to device.o(.bss) for g_Usart1InputStream
    device.o(i.HAL_UART_RxCpltCallback) refers to device.o(.data) for g_Usart5InputStream
    device.o(i.InitDevice) refers to enhancedstm32.o(i.UART_LinkInputStream_DMA) for UART_LinkInputStream_DMA
    device.o(i.InitDevice) refers to device.o(.bss) for g_CircularBuffer_DMA_UART5
    device.o(i.InitDevice) refers to device.o(.data) for g_Usart5InputStream
    device.o(i.InitDevice) refers to usart.o(.bss) for huart5
    device.o(i.InitDevice) refers to message.o(.data) for g_Usart5Parse
    device.o(i.SampleImuDataMG354) refers to mg354.o(i.ParaseIMU) for ParaseIMU
    device.o(i.SampleImuDataMG354) refers to device.o(.bss) for MG354
    device.o(i.fputc) refers to stm32f7xx_hal_uart.o(i.HAL_UART_Transmit) for HAL_UART_Transmit
    device.o(i.fputc) refers to usart.o(.bss) for huart3
    device.o(.data) refers to device.o(.bss) for g_USART1_Buffer_memory
[...]
    Removing dmul.o(.text), (228 bytes).
    Removing ddiv.o(.text), (222 bytes).
    Removing dfixul.o(.text), (48 bytes).
    Removing cdrcmple.o(.text), (48 bytes).
    Removing depilogue.o(.text), (186 bytes).

538 unused section(s) (total 45834 bytes) removed from the image.

==============================================================================

Image Symbol Table

    Local Symbols

    Symbol Name                              Value     Ov Type        Size  Object(Section)

    ..//Src/system_stm32f7xx.c               0x00000000   Number         0  system_stm32f7xx.o ABSOLUTE
    ../Drivers/STM32F7xx_HAL_Driver/Src/stm32f7xx_hal.c 0x00000000   Number         0  stm32f7xx_hal.o ABSOLUTE
    ../Drivers/STM32F7xx_HAL_Driver/Src/stm32f7xx_hal_cortex.c 0x00000000   Number         0  stm32f7xx_hal_cortex.o ABSOLUTE
    ../Drivers/STM32F7xx_HAL_Driver/Src/stm32f7xx_hal_dma.c 0x00000000   Number         0  stm32f7xx_hal_dma.o ABSOLUTE
    ../Drivers/STM32F7xx_HAL_Driver/Src/stm32f7xx_hal_dma_ex.c 0x00000000   Number         0  stm32f7xx_hal_dma_ex.o ABSOLUTE
    ../Drivers/STM32F7xx_HAL_Driver/Src/stm32f7xx_hal_flash.c 0x00000000   Number         0  stm32f7xx_hal_flash.o ABSOLUTE
    ../Drivers/STM32F7xx_HAL_Driver/Src/stm32f7xx_hal_flash_ex.c 0x00000000   Number         0  stm32f7xx_hal_flash_ex.o ABSOLUTE
    ../Drivers/STM32F7xx_HAL_Driver/Src/stm32f7xx_hal_gpio.c 0x00000000   Number         0  stm32f7xx_hal_gpio.o ABSOLUTE
    ../Drivers/STM32F7xx_HAL_Driver/Src/stm32f7xx_hal_i2c.c 0x00000000   Number         0  stm32f7xx_hal_i2c.o ABSOLUTE
    ../Drivers/STM32F7xx_HAL_Driver/Src/stm32f7xx_hal_i2c_ex.c 0x00000000   Number         0  stm32f7xx_hal_i2c_ex.o ABSOLUTE
    ../Drivers/STM32F7xx_HAL_Driver/Src/stm32f7xx_hal_pwr.c 0x00000000   Number         0  stm32f7xx_hal_pwr.o ABSOLUTE
    ../Drivers/STM32F7xx_HAL_Driver/Src/stm32f7xx_hal_pwr_ex.c 0x00000000   Number         0  stm32f7xx_hal_pwr_ex.o ABSOLUTE
    ../Drivers/STM32F7xx_HAL_Driver/Src/stm32f7xx_hal_rcc.c 0x00000000   Number         0  stm32f7xx_hal_rcc.o ABSOLUTE
    ../Drivers/STM32F7xx_HAL_Driver/Src/stm32f7xx_hal_rcc_ex.c 0x00000000   Number         0  stm32f7xx_hal_rcc_ex.o ABSOLUTE
    ../Drivers/STM32F7xx_HAL_Driver/Src/stm32f7xx_hal_tim.c 0x00000000   Number         0  stm32f7xx_hal_tim.o ABSOLUTE
    ../Drivers/STM32F7xx_HAL_Driver/Src/stm32f7xx_hal_tim_ex.c 0x00000000   Number         0  stm32f7xx_hal_tim_ex.o ABSOLUTE
    ../Drivers/STM32F7xx_HAL_Driver/Src/stm32f7xx_hal_uart.c 0x00000000   Number         0  stm32f7xx_hal_uart.o ABSOLUTE
    ../Src/dma.c                             0x00000000   Number         0  dma.o ABSOLUTE
    ../Src/gpio.c                            0x00000000   Number         0  gpio.o ABSOLUTE
    ../Src/main.c                            0x00000000   Number         0  main.o ABSOLUTE
    ../Src/stm32f7xx_hal_msp.c               0x00000000   Number         0  stm32f7xx_hal_msp.o ABSOLUTE
    ../Src/stm32f7xx_it.c                    0x00000000   Number         0  stm32f7xx_it.o ABSOLUTE
    ../Src/tim.c                             0x00000000   Number         0  tim.o ABSOLUTE
    ../Src/usart.c                           0x00000000   Number         0  usart.o ABSOLUTE
    ../clib/../cmprslib/zerorunl2.c          0x00000000   Number         0  __dczerorl2.o ABSOLUTE
    ../clib/microlib/division.c              0x00000000   Number         0  uidiv.o ABSOLUTE
    ../clib/microlib/division.c              0x00000000   Number         0  uldiv.o ABSOLUTE
    ../clib/microlib/init/entry.s            0x00000000   Number         0  entry8a.o ABSOLUTE
    ../clib/microlib/init/entry.s            0x00000000   Number         0  entry8b.o ABSOLUTE
    ../clib/microlib/init/entry.s            0x00000000   Number         0  entry9a.o ABSOLUTE
    ../clib/microlib/init/entry.s            0x00000000   Number         0  entry.o ABSOLUTE
    ../clib/microlib/init/entry.s            0x00000000   Number         0  entry2.o ABSOLUTE
    ../clib/microlib/init/entry.s            0x00000000   Number         0  entry7b.o ABSOLUTE
    ../clib/microlib/init/entry.s            0x00000000   Number         0  entry11b.o ABSOLUTE
    ../clib/microlib/init/entry.s            0x00000000   Number         0  entry5.o ABSOLUTE
    ../clib/microlib/init/entry.s            0x00000000   Number         0  entry11a.o ABSOLUTE
    ../clib/microlib/init/entry.s            0x00000000   Number         0  entry10b.o ABSOLUTE
    ../clib/microlib/init/entry.s            0x00000000   Number         0  entry9b.o ABSOLUTE
    ../clib/microlib/init/entry.s            0x00000000   Number         0  entry10a.o ABSOLUTE
    ../clib/microlib/init/entry.s            0x00000000   Number         0  entry7a.o ABSOLUTE
    ../clib/microlib/longlong.c              0x00000000   Number         0  llshl.o ABSOLUTE
    ../clib/microlib/longlong.c              0x00000000   Number         0  llushr.o ABSOLUTE
    ../clib/microlib/longlong.c              0x00000000   Number         0  llsshr.o ABSOLUTE
    ../clib/microlib/malloc/malloc.c         0x00000000   Number         0  malloca.o ABSOLUTE
    ../clib/microlib/malloc/malloc.c         0x00000000   Number         0  mallocr.o ABSOLUTE
    ../clib/microlib/malloc/malloc.c         0x00000000   Number         0  malloc.o ABSOLUTE
    ../clib/microlib/malloc/malloc.c         0x00000000   Number         0  mallocra.o ABSOLUTE
    ../clib/microlib/malloc/mvars.c          0x00000000   Number         0  mvars.o ABSOLUTE
    ../clib/microlib/printf/printf.c         0x00000000   Number         0  printf6.o ABSOLUTE
    ../clib/microlib/printf/printf.c         0x00000000   Number         0  printf2.o ABSOLUTE
    ../clib/microlib/printf/printf.c         0x00000000   Number         0  printf1.o ABSOLUTE
    ../clib/microlib/printf/printf.c         0x00000000   Number         0  printf0.o ABSOLUTE
    ../clib/microlib/printf/printf.c         0x00000000   Number         0  printfb.o ABSOLUTE
    ../clib/microlib/printf/printf.c         0x00000000   Number         0  printf5.o ABSOLUTE
    ../clib/microlib/printf/printf.c         0x00000000   Number         0  printf3.o ABSOLUTE
    ../clib/microlib/printf/printf.c         0x00000000   Number         0  printf4.o ABSOLUTE
    ../clib/microlib/printf/printf.c         0x00000000   Number         0  printfa.o ABSOLUTE
    ../clib/microlib/printf/printf.c         0x00000000   Number         0  printf8.o ABSOLUTE
    ../clib/microlib/printf/printf.c         0x00000000   Number         0  printf7.o ABSOLUTE
    ../clib/microlib/stdio/streams.c         0x00000000   Number         0  stdout.o ABSOLUTE
    ../clib/microlib/string/memcpy.c         0x00000000   Number         0  memcpyb.o ABSOLUTE
    ../clib/microlib/string/memcpy.c         0x00000000   Number         0  memcpya.o ABSOLUTE
    ../clib/microlib/string/memset.c         0x00000000   Number         0  memseta.o ABSOLUTE
    ../clib/microlib/string/strcmp.c         0x00000000   Number         0  strcmp.o ABSOLUTE
    ../clib/microlib/stubs.s                 0x00000000   Number         0  iusefp.o ABSOLUTE
    ../fplib/microlib/fpadd.c                0x00000000   Number         0  dadd.o ABSOLUTE
    ../fplib/microlib/fpdiv.c                0x00000000   Number         0  ddiv.o ABSOLUTE
    ../fplib/microlib/fpepilogue.c           0x00000000   Number         0  depilogue.o ABSOLUTE
    ../fplib/microlib/fpfix.c                0x00000000   Number         0  dfixul.o ABSOLUTE
    ../fplib/microlib/fpmul.c                0x00000000   Number         0  dmul.o ABSOLUTE
    ..\Code\Device\Device.c                  0x00000000   Number         0  device.o ABSOLUTE
    ..\Code\Device\EnhancedSTM32.c           0x00000000   Number         0  enhancedstm32.o ABSOLUTE
    ..\Code\Device\MG354.c                   0x00000000   Number         0  mg354.o ABSOLUTE
    ..\Code\Device\dvc_Led.c                 0x00000000   Number         0  dvc_led.o ABSOLUTE
    ..\Code\Global.c                         0x00000000   Number         0  global.o ABSOLUTE
    ..\Code\MainEntry.c                      0x00000000   Number         0  mainentry.o ABSOLUTE
    ..\Code\Message\Message.c                0x00000000   Number         0  message.o ABSOLUTE
    ..\Code\Message\ParseFrame.c             0x00000000   Number         0  parseframe.o ABSOLUTE
    ..\Code\Message\msg_Qsens.c              0x00000000   Number         0  msg_qsens.o ABSOLUTE
    ..\Drivers\STM32F7xx_HAL_Driver\Src\stm32f7xx_hal.c 0x00000000   Number         0  stm32f7xx_hal.o ABSOLUTE
    ..\Drivers\STM32F7xx_HAL_Driver\Src\stm32f7xx_hal_cortex.c 0x00000000   Number         0  stm32f7xx_hal_cortex.o ABSOLUTE
    ..\Drivers\STM32F7xx_HAL_Driver\Src\stm32f7xx_hal_dma.c 0x00000000   Number         0  stm32f7xx_hal_dma.o ABSOLUTE
    ..\Drivers\STM32F7xx_HAL_Driver\Src\stm32f7xx_hal_dma_ex.c 0x00000000   Number         0  stm32f7xx_hal_dma_ex.o ABSOLUTE
    ..\Drivers\STM32F7xx_HAL_Driver\Src\stm32f7xx_hal_flash.c 0x00000000   Number         0  stm32f7xx_hal_flash.o ABSOLUTE
    ..\Drivers\STM32F7xx_HAL_Driver\Src\stm32f7xx_hal_flash_ex.c 0x00000000   Number         0  stm32f7xx_hal_flash_ex.o ABSOLUTE
    ..\Drivers\STM32F7xx_HAL_Driver\Src\stm32f7xx_hal_gpio.c 0x00000000   Number         0  stm32f7xx_hal_gpio.o ABSOLUTE
    ..\Drivers\STM32F7xx_HAL_Driver\Src\stm32f7xx_hal_i2c.c 0x00000000   Number         0  stm32f7xx_hal_i2c.o ABSOLUTE
    ..\Drivers\STM32F7xx_HAL_Driver\Src\stm32f7xx_hal_i2c_ex.c 0x00000000   Number         0  stm32f7xx_hal_i2c_ex.o ABSOLUTE
    ..\Drivers\STM32F7xx_HAL_Driver\Src\stm32f7xx_hal_pwr.c 0x00000000   Number         0  stm32f7xx_hal_pwr.o ABSOLUTE
    ..\Drivers\STM32F7xx_HAL_Driver\Src\stm32f7xx_hal_pwr_ex.c 0x00000000   Number         0  stm32f7xx_hal_pwr_ex.o ABSOLUTE
    ..\Drivers\STM32F7xx_HAL_Driver\Src\stm32f7xx_hal_rcc.c 0x00000000   Number         0  stm32f7xx_hal_rcc.o ABSOLUTE
    ..\Drivers\STM32F7xx_HAL_Driver\Src\stm32f7xx_hal_rcc_ex.c 0x00000000   Number         0  stm32f7xx_hal_rcc_ex.o ABSOLUTE
    ..\Drivers\STM32F7xx_HAL_Driver\Src\stm32f7xx_hal_tim.c 0x00000000   Number         0  stm32f7xx_hal_tim.o ABSOLUTE
    ..\Drivers\STM32F7xx_HAL_Driver\Src\stm32f7xx_hal_tim_ex.c 0x00000000   Number         0  stm32f7xx_hal_tim_ex.o ABSOLUTE
    ..\Drivers\STM32F7xx_HAL_Driver\Src\stm32f7xx_hal_uart.c 0x00000000   Number         0  stm32f7xx_hal_uart.o ABSOLUTE
    ..\Src\dma.c                             0x00000000   Number         0  dma.o ABSOLUTE
    ..\Src\gpio.c                            0x00000000   Number         0  gpio.o ABSOLUTE
    ..\Src\main.c                            0x00000000   Number         0  main.o ABSOLUTE
    ..\Src\stm32f7xx_hal_msp.c               0x00000000   Number         0  stm32f7xx_hal_msp.o ABSOLUTE
    ..\Src\stm32f7xx_it.c                    0x00000000   Number         0  stm32f7xx_it.o ABSOLUTE
    ..\Src\tim.c                             0x00000000   Number         0  tim.o ABSOLUTE
    ..\Src\usart.c                           0x00000000   Number         0  usart.o ABSOLUTE
    ..\\Code\\Device\\Device.c               0x00000000   Number         0  device.o ABSOLUTE
    ..\\Code\\Device\\EnhancedSTM32.c        0x00000000   Number         0  enhancedstm32.o ABSOLUTE
    ..\\Code\\Device\\MG354.c                0x00000000   Number         0  mg354.o ABSOLUTE
    ..\\Code\\Device\\dvc_Led.c              0x00000000   Number         0  dvc_led.o ABSOLUTE
    ..\\Code\\Global.c                       0x00000000   Number         0  global.o ABSOLUTE
    ..\\Code\\MainEntry.c                    0x00000000   Number         0  mainentry.o ABSOLUTE
    ..\\Code\\Message\\Message.c             0x00000000   Number         0  message.o ABSOLUTE
    ..\\Code\\Message\\ParseFrame.c          0x00000000   Number         0  parseframe.o ABSOLUTE
    ..\\Code\\Message\\msg_Qsens.c           0x00000000   Number         0  msg_qsens.o ABSOLUTE
    ..\\Src\system_stm32f7xx.c               0x00000000   Number         0  system_stm32f7xx.o ABSOLUTE
    cdrcmple.s                               0x00000000   Number         0  cdrcmple.o ABSOLUTE
    dc.s                                     0x00000000   Number         0  dc.o ABSOLUTE
    handlers.s                               0x00000000   Number         0  handlers.o ABSOLUTE
    init.s                                   0x00000000   Number         0  init.o ABSOLUTE
    startup_stm32f767xx.s                    0x00000000   Number         0  startup_stm32f767xx.o ABSOLUTE
    RESET                                    0x08000000   Section      504  startup_stm32f767xx.o(RESET)
    .ARM.Collect$$$$00000000                 0x080001f8   Section        0  entry.o(.ARM.Collect$$$$00000000)
    .ARM.Collect$$$$00000001                 0x080001f8   Section        4  entry2.o(.ARM.Collect$$$$00000001)
    .ARM.Collect$$$$00000004                 0x080001fc   Section        4  entry5.o(.ARM.Collect$$$$00000004)
    .ARM.Collect$$$$00000008                 0x08000200   Section        0  entry7b.o(.ARM.Collect$$$$00000008)
    .ARM.Collect$$$$0000000A                 0x08000200   Section        0  entry8b.o(.ARM.Collect$$$$0000000A)
    .ARM.Collect$$$$0000000B                 0x08000200   Section        8  entry9a.o(.ARM.Collect$$$$0000000B)
    .ARM.Collect$$$$0000000D                 0x08000208   Section        0  entry10a.o(.ARM.Collect$$$$0000000D)
    .ARM.Collect$$$$0000000F                 0x08000208   Section        0  entry11a.o(.ARM.Collect$$$$0000000F)
    .ARM.Collect$$$$00002712                 0x08000208   Section        4  entry2.o(.ARM.Collect$$$$00002712)
    __lit__00000000                          0x08000208   Data           4  entry2.o(.ARM.Collect$$$$00002712)
    .text                                    0x0800020c   Section       36  startup_stm32f767xx.o(.text)
    $v0                                      0x0800020c   Number         0  startup_stm32f767xx.o(.text)
    .text                                    0x08000230   Section        0  uldiv.o(.text)
    .text                                    0x08000292   Section        0  memcpya.o(.text)
    .text                                    0x080002b6   Section        0  memseta.o(.text)
    .text                                    0x080002da   Section        0  llshl.o(.text)
    .text                                    0x080002f8   Section        0  llushr.o(.text)
    .text                                    0x08000318   Section       36  init.o(.text)
    .text                                    0x0800033c   Section        0  __dczerorl2.o(.text)
    i.BusFault_Handler                       0x08000392   Section        0  stm32f7xx_it.o(i.BusFault_Handler)
    i.CalculateCheckSum                      0x08000396   Section        0  parseframe.o(i.CalculateCheckSum)
    i.CheckSectionBegin                      0x080003b0   Section        0  parseframe.o(i.CheckSectionBegin)
    i.CheckSectionEnd                        0x080003c0   Section        0  parseframe.o(i.CheckSectionEnd)
    i.CheckSum16N                            0x080003ee   Section        0  msg_qsens.o(i.CheckSum16N)
    i.ClearFrameConstructor                  0x08000448   Section        0  parseframe.o(i.ClearFrameConstructor)
    i.ClearParseParam                        0x08000458   Section        0  parseframe.o(i.ClearParseParam)
    i.DMA1_Stream0_IRQHandler                0x0800047c   Section        0  stm32f7xx_it.o(i.DMA1_Stream0_IRQHandler)
    i.DMA1_Stream3_IRQHandler                0x0800048c   Section        0  stm32f7xx_it.o(i.DMA1_Stream3_IRQHandler)
    i.DMA1_Stream7_IRQHandler                0x0800049c   Section        0  stm32f7xx_it.o(i.DMA1_Stream7_IRQHandler)
    i.DMA_CalcBaseAndBitshift                0x080004ac   Section        0  stm32f7xx_hal_dma.o(i.DMA_CalcBaseAndBitshift)
    DMA_CalcBaseAndBitshift                  0x080004ad   Thumb Code    46  stm32f7xx_hal_dma.o(i.DMA_CalcBaseAndBitshift)
    i.DMA_CheckFifoParam                     0x080004e0   Section        0  stm32f7xx_hal_dma.o(i.DMA_CheckFifoParam)
    DMA_CheckFifoParam                       0x080004e1   Thumb Code   170  stm32f7xx_hal_dma.o(i.DMA_CheckFifoParam)
    i.DMA_SetConfig                          0x0800058a   Section        0  stm32f7xx_hal_dma.o(i.DMA_SetConfig)
    DMA_SetConfig                            0x0800058b   Thumb Code    44  stm32f7xx_hal_dma.o(i.DMA_SetConfig)
    i.DebugMon_Handler                       0x080005b6   Section        0  stm32f7xx_it.o(i.DebugMon_Handler)
    i.DmaCircularBufferIrqHandle             0x080005b8   Section        0  enhancedstm32.o(i.DmaCircularBufferIrqHandle)
    i.FrameBegin                             0x080005cc   Section        0  parseframe.o(i.FrameBegin)
    i.FrameEnd                               0x080005da   Section        0  parseframe.o(i.FrameEnd)
    i.GetDoubleBuffer                        0x080005e8   Section        0  global.o(i.GetDoubleBuffer)
    i.GetDoubleBufferLength                  0x080005f2   Section        0  global.o(i.GetDoubleBufferLength)
    i.HAL_DMA_Abort_IT                       0x08000600   Section        0  stm32f7xx_hal_dma.o(i.HAL_DMA_Abort_IT)
    i.HAL_DMA_IRQHandler                     0x08000628   Section        0  stm32f7xx_hal_dma.o(i.HAL_DMA_IRQHandler)
    i.HAL_DMA_Init                           0x08000868   Section        0  stm32f7xx_hal_dma.o(i.HAL_DMA_Init)
    i.HAL_DMA_Start_IT                       0x08000954   Section        0  stm32f7xx_hal_dma.o(i.HAL_DMA_Start_IT)
    i.HAL_GPIO_Init                          0x080009f4   Section        0  stm32f7xx_hal_gpio.o(i.HAL_GPIO_Init)
    i.HAL_GPIO_TogglePin                     0x08000c0c   Section        0  stm32f7xx_hal_gpio.o(i.HAL_GPIO_TogglePin)
    i.HAL_GPIO_WritePin                      0x08000c14   Section        0  stm32f7xx_hal_gpio.o(i.HAL_GPIO_WritePin)
    i.HAL_GetTick                            0x08000c20   Section        0  stm32f7xx_hal.o(i.HAL_GetTick)
    i.HAL_IncTick                            0x08000c2c   Section        0  stm32f7xx_hal.o(i.HAL_IncTick)
    i.HAL_Init                               0x08000c44   Section        0  stm32f7xx_hal.o(i.HAL_Init)
    i.HAL_InitTick                           0x08000c5c   Section        0  stm32f7xx_hal.o(i.HAL_InitTick)
    i.HAL_MspInit                            0x08000ca8   Section        0  stm32f7xx_hal_msp.o(i.HAL_MspInit)
    i.HAL_NVIC_EnableIRQ                     0x08000d3c   Section        0  stm32f7xx_hal_cortex.o(i.HAL_NVIC_EnableIRQ)
    i.HAL_NVIC_SetPriority                   0x08000d56   Section        0  stm32f7xx_hal_cortex.o(i.HAL_NVIC_SetPriority)
    i.HAL_NVIC_SetPriorityGrouping           0x08000dd4   Section        0  stm32f7xx_hal_cortex.o(i.HAL_NVIC_SetPriorityGrouping)
    i.HAL_PWREx_EnableOverDrive              0x08000dfc   Section        0  stm32f7xx_hal_pwr_ex.o(i.HAL_PWREx_EnableOverDrive)
    i.HAL_RCCEx_PeriphCLKConfig              0x08000e8c   Section        0  stm32f7xx_hal_rcc_ex.o(i.HAL_RCCEx_PeriphCLKConfig)
    i.HAL_RCC_ClockConfig                    0x080015e4   Section        0  stm32f7xx_hal_rcc.o(i.HAL_RCC_ClockConfig)
    i.HAL_RCC_GetHCLKFreq                    0x08001774   Section        0  stm32f7xx_hal_rcc.o(i.HAL_RCC_GetHCLKFreq)
    i.HAL_RCC_GetPCLK1Freq                   0x08001780   Section        0  stm32f7xx_hal_rcc.o(i.HAL_RCC_GetPCLK1Freq)
    i.HAL_RCC_GetPCLK2Freq                   0x080017a0   Section        0  stm32f7xx_hal_rcc.o(i.HAL_RCC_GetPCLK2Freq)
    i.HAL_RCC_GetSysClockFreq                0x080017c0   Section        0  stm32f7xx_hal_rcc.o(i.HAL_RCC_GetSysClockFreq)
    i.HAL_RCC_OscConfig                      0x08001870   Section        0  stm32f7xx_hal_rcc.o(i.HAL_RCC_OscConfig)
    i.HAL_SYSTICK_CLKSourceConfig            0x08001d28   Section        0  stm32f7xx_hal_cortex.o(i.HAL_SYSTICK_CLKSourceConfig)
    i.HAL_SYSTICK_Callback                   0x08001d50   Section        0  stm32f7xx_hal_cortex.o(i.HAL_SYSTICK_Callback)
    i.HAL_SYSTICK_Config                     0x08001d52   Section        0  stm32f7xx_hal_cortex.o(i.HAL_SYSTICK_Config)
    i.HAL_SYSTICK_IRQHandler                 0x08001d86   Section        0  stm32f7xx_hal_cortex.o(i.HAL_SYSTICK_IRQHandler)
    i.HAL_TIMEx_BreakCallback                0x08001d8e   Section        0  stm32f7xx_hal_tim_ex.o(i.HAL_TIMEx_BreakCallback)
    i.HAL_TIMEx_CommutationCallback          0x08001d90   Section        0  stm32f7xx_hal_tim_ex.o(i.HAL_TIMEx_CommutationCallback)
    i.HAL_TIMEx_MasterConfigSynchronization  0x08001d94   Section        0  stm32f7xx_hal_tim_ex.o(i.HAL_TIMEx_MasterConfigSynchronization)
    i.HAL_TIM_Base_Init                      0x08001e00   Section        0  stm32f7xx_hal_tim.o(i.HAL_TIM_Base_Init)
    i.HAL_TIM_Base_MspInit                   0x08001e34   Section        0  tim.o(i.HAL_TIM_Base_MspInit)
    i.HAL_TIM_IC_CaptureCallback             0x08001e78   Section        0  stm32f7xx_hal_tim.o(i.HAL_TIM_IC_CaptureCallback)
    i.HAL_TIM_IRQHandler                     0x08001e7a   Section        0  stm32f7xx_hal_tim.o(i.HAL_TIM_IRQHandler)
    i.HAL_TIM_OC_DelayElapsedCallback        0x08002032   Section        0  stm32f7xx_hal_tim.o(i.HAL_TIM_OC_DelayElapsedCallback)
    i.HAL_TIM_PWM_PulseFinishedCallback      0x08002034   Section        0  stm32f7xx_hal_tim.o(i.HAL_TIM_PWM_PulseFinishedCallback)
    i.HAL_TIM_PeriodElapsedCallback          0x08002038   Section        0  device.o(i.HAL_TIM_PeriodElapsedCallback)
    i.HAL_TIM_TriggerCallback                0x08002054   Section        0  stm32f7xx_hal_tim.o(i.HAL_TIM_TriggerCallback)
    i.HAL_UART_ErrorCallback                 0x08002058   Section        0  device.o(i.HAL_UART_ErrorCallback)
    i.HAL_UART_GetError                      0x08002090   Section        0  stm32f7xx_hal_uart.o(i.HAL_UART_GetError)
    i.HAL_UART_IRQHandler                    0x08002098   Section        0  stm32f7xx_hal_uart.o(i.HAL_UART_IRQHandler)
    i.HAL_UART_Init                          0x080021f8   Section        0  stm32f7xx_hal_uart.o(i.HAL_UART_Init)
    i.HAL_UART_MspInit                       0x08002270   Section        0  usart.o(i.HAL_UART_MspInit)
    i.HAL_UART_Receive_DMA                   0x08002524   Section        0  stm32f7xx_hal_uart.o(i.HAL_UART_Receive_DMA)
    i.HAL_UART_Receive_IT                    0x080025d0   Section        0  stm32f7xx_hal_uart.o(i.HAL_UART_Receive_IT)
    i.HAL_UART_RxCpltCallback                0x0800268c   Section        0  device.o(i.HAL_UART_RxCpltCallback)
    i.HAL_UART_RxHalfCpltCallback            0x080026e0   Section        0  stm32f7xx_hal_uart.o(i.HAL_UART_RxHalfCpltCallback)
    i.HAL_UART_Transmit_DMA                  0x080026e4   Section        0  stm32f7xx_hal_uart.o(i.HAL_UART_Transmit_DMA)
    i.HAL_UART_TxCpltCallback                0x08002784   Section        0  stm32f7xx_hal_uart.o(i.HAL_UART_TxCpltCallback)
    i.HAL_UART_TxHalfCpltCallback            0x08002786   Section        0  stm32f7xx_hal_uart.o(i.HAL_UART_TxHalfCpltCallback)
    i.HardFault_Handler                      0x08002788   Section        0  stm32f7xx_it.o(i.HardFault_Handler)
    i.HeartPulse                             0x0800278c   Section        0  mainentry.o(i.HeartPulse)
    i.InitDevice                             0x080027b8   Section        0  device.o(i.InitDevice)
    i.InitDmaCircularBuffer                  0x08002810   Section        0  enhancedstm32.o(i.InitDmaCircularBuffer)
    i.InitFrameParse                         0x0800283e   Section        0  parseframe.o(i.InitFrameParse)
    i.InitMessage                            0x0800286c   Section        0  message.o(i.InitMessage)
    i.LED_Toggle                             0x080028c4   Section        0  dvc_led.o(i.LED_Toggle)
    i.LengthSectionBegin                     0x080028f4   Section        0  parseframe.o(i.LengthSectionBegin)
    i.LengthSectionEnd                       0x08002904   Section        0  parseframe.o(i.LengthSectionEnd)
    i.MG354_BinFrameCheckCRC32               0x08002930   Section        0  msg_qsens.o(i.MG354_BinFrameCheckCRC32)
    i.MG354_BinFrameLength                   0x0800296c   Section        0  msg_qsens.o(i.MG354_BinFrameLength)
    i.MG354_BinFrameParseUM                  0x08002974   Section        0  msg_qsens.o(i.MG354_BinFrameParseUM)
    i.MG354_InitParse                        0x08002994   Section        0  msg_qsens.o(i.MG354_InitParse)
    i.MX_DMA_Init                            0x0800299c   Section        0  dma.o(i.MX_DMA_Init)
    i.MX_GPIO_Init                           0x080029f0   Section        0  gpio.o(i.MX_GPIO_Init)
    i.MX_TIM6_Init                           0x08002acc   Section        0  tim.o(i.MX_TIM6_Init)
    i.MX_UART4_Init                          0x08002b28   Section        0  usart.o(i.MX_UART4_Init)
    i.MX_UART5_Init                          0x08002b7c   Section        0  usart.o(i.MX_UART5_Init)
    i.MX_USART1_UART_Init                    0x08002bd0   Section        0  usart.o(i.MX_USART1_UART_Init)
    i.MX_USART2_UART_Init                    0x08002c24   Section        0  usart.o(i.MX_USART2_UART_Init)
    i.MX_USART3_UART_Init                    0x08002c78   Section        0  usart.o(i.MX_USART3_UART_Init)
    i.MainEntry                              0x08002ccc   Section        0  mainentry.o(i.MainEntry)
    i.MarkLengthPosition                     0x08002d08   Section        0  parseframe.o(i.MarkLengthPosition)
    i.MemManage_Handler                      0x08002d32   Section        0  stm32f7xx_it.o(i.MemManage_Handler)
    i.NMI_Handler                            0x08002d36   Section        0  stm32f7xx_it.o(i.NMI_Handler)
    i.NVIC_GetPriorityGrouping               0x08002d38   Section        0  stm32f7xx_hal_cortex.o(i.NVIC_GetPriorityGrouping)
    NVIC_GetPriorityGrouping                 0x08002d39   Thumb Code    10  stm32f7xx_hal_cortex.o(i.NVIC_GetPriorityGrouping)
    i.NVIC_SetPriority                       0x08002d48   Section        0  stm32f7xx_hal_cortex.o(i.NVIC_SetPriority)
    NVIC_SetPriority                         0x08002d49   Thumb Code    32  stm32f7xx_hal_cortex.o(i.NVIC_SetPriority)
    i.ParaseIMU                              0x08002d70   Section        0  mg354.o(i.ParaseIMU)
    i.ParseFrameByte                         0x08002f34   Section        0  parseframe.o(i.ParseFrameByte)
    i.ParseFrameUsart5DMA                    0x0800322c   Section        0  message.o(i.ParseFrameUsart5DMA)
    i.ParseFrame_DMA                         0x08003240   Section        0  enhancedstm32.o(i.ParseFrame_DMA)
    i.PendSV_Handler                         0x08003272   Section        0  stm32f7xx_it.o(i.PendSV_Handler)
    i.PopDmaCircularBuffer                   0x08003274   Section        0  enhancedstm32.o(i.PopDmaCircularBuffer)
    i.PushBytesDoubleBuffer                  0x0800339c   Section        0  global.o(i.PushBytesDoubleBuffer)
    i.PushCircularBuffer                     0x080033b8   Section        0  global.o(i.PushCircularBuffer)
    i.PushDoubleBuffer                       0x080033ee   Section        0  global.o(i.PushDoubleBuffer)
    i.PushWordDoubleBuffer                   0x08003430   Section        0  global.o(i.PushWordDoubleBuffer)
    i.QSENS_BinFrameCheck                    0x08003448   Section        0  msg_qsens.o(i.QSENS_BinFrameCheck)
    i.QSENS_BinFrameLength                   0x0800346e   Section        0  msg_qsens.o(i.QSENS_BinFrameLength)
    i.QSENS_BinFrameParse                    0x08003482   Section        0  msg_qsens.o(i.QSENS_BinFrameParse)
    i.QSENS_BinInit                          0x08003498   Section        0  msg_qsens.o(i.QSENS_BinInit)
    i.QSENS_MakeImuFrame                     0x080034bc   Section        0  msg_qsens.o(i.QSENS_MakeImuFrame)
    i.RecieveInputStream_IT                  0x080035c4   Section        0  enhancedstm32.o(i.RecieveInputStream_IT)
    i.SVC_Handler                            0x080035e8   Section        0  stm32f7xx_it.o(i.SVC_Handler)
    i.SampleAndSendImuData                   0x080035ec   Section        0  message.o(i.SampleAndSendImuData)
    i.SampleImuDataMG354                     0x08003614   Section        0  device.o(i.SampleImuDataMG354)
    i.SendDoubleBuffer                       0x08003700   Section        0  enhancedstm32.o(i.SendDoubleBuffer)
    i.SysTick_Handler                        0x08003766   Section        0  stm32f7xx_it.o(i.SysTick_Handler)
    i.SystemClock_Config                     0x08003774   Section        0  main.o(i.SystemClock_Config)
    i.SystemInit                             0x08003878   Section        0  system_stm32f7xx.o(i.SystemInit)
    i.TIM6_DAC_IRQHandler                    0x080038dc   Section        0  stm32f7xx_it.o(i.TIM6_DAC_IRQHandler)
    i.TIM_Base_SetConfig                     0x080038ec   Section        0  stm32f7xx_hal_tim.o(i.TIM_Base_SetConfig)
    i.UART4_IRQHandler                       0x080039dc   Section        0  stm32f7xx_it.o(i.UART4_IRQHandler)
    i.UART5_IRQHandler                       0x080039ec   Section        0  stm32f7xx_it.o(i.UART5_IRQHandler)
    i.UART_AdvFeatureConfig                  0x080039fc   Section        0  stm32f7xx_hal_uart.o(i.UART_AdvFeatureConfig)
    i.UART_CheckIdleState                    0x08003ae6   Section        0  stm32f7xx_hal_uart.o(i.UART_CheckIdleState)
    i.UART_DMAAbortOnError                   0x08003b34   Section        0  stm32f7xx_hal_uart.o(i.UART_DMAAbortOnError)
    UART_DMAAbortOnError                     0x08003b35   Thumb Code    24  stm32f7xx_hal_uart.o(i.UART_DMAAbortOnError)
    i.UART_DMAError                          0x08003b4c   Section        0  stm32f7xx_hal_uart.o(i.UART_DMAError)
    UART_DMAError                            0x08003b4d   Thumb Code    78  stm32f7xx_hal_uart.o(i.UART_DMAError)
    i.UART_DMAReceiveCplt                    0x08003b9a   Section        0  stm32f7xx_hal_uart.o(i.UART_DMAReceiveCplt)
    UART_DMAReceiveCplt                      0x08003b9b   Thumb Code    72  stm32f7xx_hal_uart.o(i.UART_DMAReceiveCplt)
    i.UART_DMARxHalfCplt                     0x08003be2   Section        0  stm32f7xx_hal_uart.o(i.UART_DMARxHalfCplt)
    UART_DMARxHalfCplt                       0x08003be3   Thumb Code    14  stm32f7xx_hal_uart.o(i.UART_DMARxHalfCplt)
    i.UART_DMATransmitCplt                   0x08003bf0   Section        0  stm32f7xx_hal_uart.o(i.UART_DMATransmitCplt)
    UART_DMATransmitCplt                     0x08003bf1   Thumb Code    56  stm32f7xx_hal_uart.o(i.UART_DMATransmitCplt)
    i.UART_DMATxHalfCplt                     0x08003c28   Section        0  stm32f7xx_hal_uart.o(i.UART_DMATxHalfCplt)
    UART_DMATxHalfCplt                       0x08003c29   Thumb Code    14  stm32f7xx_hal_uart.o(i.UART_DMATxHalfCplt)
    i.UART_EndRxTransfer                     0x08003c36   Section        0  stm32f7xx_hal_uart.o(i.UART_EndRxTransfer)
    UART_EndRxTransfer                       0x08003c37   Thumb Code    32  stm32f7xx_hal_uart.o(i.UART_EndRxTransfer)
    i.UART_EndTransmit_IT                    0x08003c56   Section        0  stm32f7xx_hal_uart.o(i.UART_EndTransmit_IT)
    UART_EndTransmit_IT                      0x08003c57   Thumb Code    32  stm32f7xx_hal_uart.o(i.UART_EndTransmit_IT)
    i.UART_EndTxTransfer                     0x08003c76   Section        0  stm32f7xx_hal_uart.o(i.UART_EndTxTransfer)
    UART_EndTxTransfer                       0x08003c77   Thumb Code    20  stm32f7xx_hal_uart.o(i.UART_EndTxTransfer)
    i.UART_LinkInputStream_DMA               0x08003c8a   Section        0  enhancedstm32.o(i.UART_LinkInputStream_DMA)
    i.UART_Receive_IT                        0x08003c9c   Section        0  stm32f7xx_hal_uart.o(i.UART_Receive_IT)
    UART_Receive_IT                          0x08003c9d   Thumb Code   136  stm32f7xx_hal_uart.o(i.UART_Receive_IT)
    i.UART_SetConfig                         0x08003d24   Section        0  stm32f7xx_hal_uart.o(i.UART_SetConfig)
    i.UART_Transmit_IT                       0x080040b0   Section        0  stm32f7xx_hal_uart.o(i.UART_Transmit_IT)
    UART_Transmit_IT                         0x080040b1   Thumb Code   106  stm32f7xx_hal_uart.o(i.UART_Transmit_IT)
    i.UART_WaitOnFlagUntilTimeout            0x0800411a   Section        0  stm32f7xx_hal_uart.o(i.UART_WaitOnFlagUntilTimeout)
    i.USART1_IRQHandler                      0x08004188   Section        0  stm32f7xx_it.o(i.USART1_IRQHandler)
    i.USART2_IRQHandler                      0x08004198   Section        0  stm32f7xx_it.o(i.USART2_IRQHandler)
    i.USART3_IRQHandler                      0x080041a8   Section        0  stm32f7xx_it.o(i.USART3_IRQHandler)
    i.UsageFault_Handler                     0x080041b8   Section        0  stm32f7xx_it.o(i.UsageFault_Handler)
    i._Error_Handler                         0x080041bc   Section        0  main.o(i._Error_Handler)
    i.__scatterload_copy                     0x080041c0   Section       14  handlers.o(i.__scatterload_copy)
    i.__scatterload_null                     0x080041ce   Section        2  handlers.o(i.__scatterload_null)
    i.__scatterload_zeroinit                 0x080041d0   Section       14  handlers.o(i.__scatterload_zeroinit)
    i.free                                   0x080041e0   Section        0  malloc.o(i.free)
    i.main                                   0x08004230   Section        0  main.o(i.main)
    i.malloc                                 0x08004260   Section        0  malloc.o(i.malloc)
    .constdata                               0x080042cc   Section       24  system_stm32f7xx.o(.constdata)
    .constdata                               0x080042e4   Section        8  stm32f7xx_hal_dma.o(.constdata)
    flagBitshiftOffset                       0x080042e4   Data           8  stm32f7xx_hal_dma.o(.constdata)
    .data                                    0x20000000   Section        4  system_stm32f7xx.o(.data)
    .data                                    0x20000004   Section        8  mainentry.o(.data)
    counter                                  0x20000008   Data           4  mainentry.o(.data)
    .data                                    0x2000000c   Section      158  device.o(.data)
    .data                                    0x200000ac   Section        9  stm32f7xx_hal.o(.data)
    .data                                    0x200000b8   Section      348  message.o(.data)
    .data                                    0x20000214   Section        4  msg_qsens.o(.data)
    usFrameCounter                           0x20000216   Data           2  msg_qsens.o(.data)
    .data                                    0x20000218   Section        4  mvars.o(.data)
    .data                                    0x2000021c   Section        4  mvars.o(.data)
    .bss                                     0x20000220   Section     5532  device.o(.bss)
    .bss                                     0x200017bc   Section       64  tim.o(.bss)
    .bss                                     0x200017fc   Section      848  usart.o(.bss)
    .bss                                     0x20001b4c   Section      432  message.o(.bss)
    .bss                                     0x20001cfc   Section      160  msg_qsens.o(.bss)
    HEAP                                     0x20001da0   Section      512  startup_stm32f767xx.o(HEAP)
    STACK                                    0x20001fa0   Section    10240  startup_stm32f767xx.o(STACK)

    Global Symbols

    Symbol Name                              Value     Ov Type        Size  Object(Section)

    BuildAttributes$$THM_ISAv4$E$P$D$K$B$S$7EM$VFPv5_D16$PE$PLD8$A:L22UL41UL21$X:L11$S22US41US21$IEEE1$IW$USESV6$~STKCKD$USESV7$~SHL$OSPACE$ROPI$EBA8$MICROLIB$REQ8$PRES8$EABIv2 0x00000000   Number         0  anon$$obj.o ABSOLUTE
    __ARM_use_no_argv                        0x00000000   Number         0  main.o ABSOLUTE
    __cpp_initialize__aeabi_                  - Undefined Weak Reference
    __cxa_finalize                            - Undefined Weak Reference
    _clock_init                               - Undefined Weak Reference
    _microlib_exit                            - Undefined Weak Reference
    __Vectors_Size                           0x000001f8   Number         0  startup_stm32f767xx.o ABSOLUTE
    __Vectors                                0x08000000   Data           4  startup_stm32f767xx.o(RESET)
    __Vectors_End                            0x080001f8   Data           0  startup_stm32f767xx.o(RESET)
    __main                                   0x080001f9   Thumb Code     0  entry.o(.ARM.Collect$$$$00000000)
    _main_stk                                0x080001f9   Thumb Code     0  entry2.o(.ARM.Collect$$$$00000001)
    _main_scatterload                        0x080001fd   Thumb Code     0  entry5.o(.ARM.Collect$$$$00000004)
    __main_after_scatterload                 0x08000201   Thumb Code     0  entry5.o(.ARM.Collect$$$$00000004)
    _main_clock                              0x08000201   Thumb Code     0  entry7b.o(.ARM.Collect$$$$00000008)
    _main_cpp_init                           0x08000201   Thumb Code     0  entry8b.o(.ARM.Collect$$$$0000000A)
    _main_init                               0x08000201   Thumb Code     0  entry9a.o(.ARM.Collect$$$$0000000B)
    __rt_final_cpp                           0x08000209   Thumb Code     0  entry10a.o(.ARM.Collect$$$$0000000D)
    __rt_final_exit                          0x08000209   Thumb Code     0  entry11a.o(.ARM.Collect$$$$0000000F)
    Reset_Handler                            0x0800020d   Thumb Code     8  startup_stm32f767xx.o(.text)
    ADC_IRQHandler                           0x08000227   Thumb Code     0  startup_stm32f767xx.o(.text)
    CAN1_RX0_IRQHandler                      0x08000227   Thumb Code     0  startup_stm32f767xx.o(.text)
    CAN1_RX1_IRQHandler                      0x08000227   Thumb Code     0  startup_stm32f767xx.o(.text)
    CAN1_SCE_IRQHandler                      0x08000227   Thumb Code     0  startup_stm32f767xx.o(.text)
    CAN1_TX_IRQHandler                       0x08000227   Thumb Code     0  startup_stm32f767xx.o(.text)
    CAN2_RX0_IRQHandler                      0x08000227   Thumb Code     0  startup_stm32f767xx.o(.text)
    CAN2_RX1_IRQHandler                      0x08000227   Thumb Code     0  startup_stm32f767xx.o(.text)
    CAN2_SCE_IRQHandler                      0x08000227   Thumb Code     0  startup_stm32f767xx.o(.text)
    CAN2_TX_IRQHandler                       0x08000227   Thumb Code     0  startup_stm32f767xx.o(.text)
    CAN3_RX0_IRQHandler                      0x08000227   Thumb Code     0  startup_stm32f767xx.o(.text)
    CAN3_RX1_IRQHandler                      0x08000227   Thumb Code     0  startup_stm32f767xx.o(.text)
    CAN3_SCE_IRQHandler                      0x08000227   Thumb Code     0  startup_stm32f767xx.o(.text)
    CAN3_TX_IRQHandler                       0x08000227   Thumb Code     0  startup_stm32f767xx.o(.text)
    CEC_IRQHandler                           0x08000227   Thumb Code     0  startup_stm32f767xx.o(.text)
    DCMI_IRQHandler                          0x08000227   Thumb Code     0  startup_stm32f767xx.o(.text)
    DFSDM1_FLT0_IRQHandler                   0x08000227   Thumb Code     0  startup_stm32f767xx.o(.text)
    DFSDM1_FLT1_IRQHandler                   0x08000227   Thumb Code     0  startup_stm32f767xx.o(.text)
    DFSDM1_FLT2_IRQHandler                   0x08000227   Thumb Code     0  startup_stm32f767xx.o(.text)
    DFSDM1_FLT3_IRQHandler                   0x08000227   Thumb Code     0  startup_stm32f767xx.o(.text)
    DMA1_Stream1_IRQHandler                  0x08000227   Thumb Code     0  startup_stm32f767xx.o(.text)
    DMA1_Stream2_IRQHandler                  0x08000227   Thumb Code     0  startup_stm32f767xx.o(.text)
    DMA1_Stream4_IRQHandler                  0x08000227   Thumb Code     0  startup_stm32f767xx.o(.text)
    DMA1_Stream5_IRQHandler                  0x08000227   Thumb Code     0  startup_stm32f767xx.o(.text)
    DMA1_Stream6_IRQHandler                  0x08000227   Thumb Code     0  startup_stm32f767xx.o(.text)
    DMA2D_IRQHandler                         0x08000227   Thumb Code     0  startup_stm32f767xx.o(.text)
    DMA2_Stream0_IRQHandler                  0x08000227   Thumb Code     0  startup_stm32f767xx.o(.text)
    DMA2_Stream1_IRQHandler                  0x08000227   Thumb Code     0  startup_stm32f767xx.o(.text)
    DMA2_Stream2_IRQHandler                  0x08000227   Thumb Code     0  startup_stm32f767xx.o(.text)
    DMA2_Stream3_IRQHandler                  0x08000227   Thumb Code     0  startup_stm32f767xx.o(.text)
    DMA2_Stream4_IRQHandler                  0x08000227   Thumb Code     0  startup_stm32f767xx.o(.text)
    DMA2_Stream5_IRQHandler                  0x08000227   Thumb Code     0  startup_stm32f767xx.o(.text)
    DMA2_Stream6_IRQHandler                  0x08000227   Thumb Code     0  startup_stm32f767xx.o(.text)
    DMA2_Stream7_IRQHandler                  0x08000227   Thumb Code     0  startup_stm32f767xx.o(.text)
    ETH_IRQHandler                           0x08000227   Thumb Code     0  startup_stm32f767xx.o(.text)
    ETH_WKUP_IRQHandler                      0x08000227   Thumb Code     0  startup_stm32f767xx.o(.text)
    EXTI0_IRQHandler                         0x08000227   Thumb Code     0  startup_stm32f767xx.o(.text)
    EXTI15_10_IRQHandler                     0x08000227   Thumb Code     0  startup_stm32f767xx.o(.text)
    EXTI1_IRQHandler                         0x08000227   Thumb Code     0  startup_stm32f767xx.o(.text)
    EXTI2_IRQHandler                         0x08000227   Thumb Code     0  startup_stm32f767xx.o(.text)
    EXTI3_IRQHandler                         0x08000227   Thumb Code     0  startup_stm32f767xx.o(.text)
    EXTI4_IRQHandler                         0x08000227   Thumb Code     0  startup_stm32f767xx.o(.text)
    EXTI9_5_IRQHandler                       0x08000227   Thumb Code     0  startup_stm32f767xx.o(.text)
    FLASH_IRQHandler                         0x08000227   Thumb Code     0  startup_stm32f767xx.o(.text)
    FMC_IRQHandler                           0x08000227   Thumb Code     0  startup_stm32f767xx.o(.text)
    FPU_IRQHandler                           0x08000227   Thumb Code     0  startup_stm32f767xx.o(.text)
    I2C1_ER_IRQHandler                       0x08000227   Thumb Code     0  startup_stm32f767xx.o(.text)
    I2C1_EV_IRQHandler                       0x08000227   Thumb Code     0  startup_stm32f767xx.o(.text)
    I2C2_ER_IRQHandler                       0x08000227   Thumb Code     0  startup_stm32f767xx.o(.text)
    I2C2_EV_IRQHandler                       0x08000227   Thumb Code     0  startup_stm32f767xx.o(.text)
    I2C3_ER_IRQHandler                       0x08000227   Thumb Code     0  startup_stm32f767xx.o(.text)
    I2C3_EV_IRQHandler                       0x08000227   Thumb Code     0  startup_stm32f767xx.o(.text)
    I2C4_ER_IRQHandler                       0x08000227   Thumb Code     0  startup_stm32f767xx.o(.text)
    I2C4_EV_IRQHandler                       0x08000227   Thumb Code     0  startup_stm32f767xx.o(.text)
    JPEG_IRQHandler                          0x08000227   Thumb Code     0  startup_stm32f767xx.o(.text)
    LPTIM1_IRQHandler                        0x08000227   Thumb Code     0  startup_stm32f767xx.o(.text)
    LTDC_ER_IRQHandler                       0x08000227   Thumb Code     0  startup_stm32f767xx.o(.text)
    LTDC_IRQHandler                          0x08000227   Thumb Code     0  startup_stm32f767xx.o(.text)
    MDIOS_IRQHandler                         0x08000227   Thumb Code     0  startup_stm32f767xx.o(.text)
    OTG_FS_IRQHandler                        0x08000227   Thumb Code     0  startup_stm32f767xx.o(.text)
    OTG_FS_WKUP_IRQHandler                   0x08000227   Thumb Code     0  startup_stm32f767xx.o(.text)
    OTG_HS_EP1_IN_IRQHandler                 0x08000227   Thumb Code     0  startup_stm32f767xx.o(.text)
    OTG_HS_EP1_OUT_IRQHandler                0x08000227   Thumb Code     0  startup_stm32f767xx.o(.text)
    OTG_HS_IRQHandler                        0x08000227   Thumb Code     0  startup_stm32f767xx.o(.text)
    OTG_HS_WKUP_IRQHandler                   0x08000227   Thumb Code     0  startup_stm32f767xx.o(.text)
    PVD_IRQHandler                           0x08000227   Thumb Code     0  startup_stm32f767xx.o(.text)
    QUADSPI_IRQHandler                       0x08000227   Thumb Code     0  startup_stm32f767xx.o(.text)
    RCC_IRQHandler                           0x08000227   Thumb Code     0  startup_stm32f767xx.o(.text)
    RNG_IRQHandler                           0x08000227   Thumb Code     0  startup_stm32f767xx.o(.text)
    RTC_Alarm_IRQHandler                     0x08000227   Thumb Code     0  startup_stm32f767xx.o(.text)
    RTC_WKUP_IRQHandler                      0x08000227   Thumb Code     0  startup_stm32f767xx.o(.text)
    SAI1_IRQHandler                          0x08000227   Thumb Code     0  startup_stm32f767xx.o(.text)
    SAI2_IRQHandler                          0x08000227   Thumb Code     0  startup_stm32f767xx.o(.text)
    SDMMC1_IRQHandler                        0x08000227   Thumb Code     0  startup_stm32f767xx.o(.text)
    SDMMC2_IRQHandler                        0x08000227   Thumb Code     0  startup_stm32f767xx.o(.text)
    SPDIF_RX_IRQHandler                      0x08000227   Thumb Code     0  startup_stm32f767xx.o(.text)
    SPI1_IRQHandler                          0x08000227   Thumb Code     0  startup_stm32f767xx.o(.text)
    SPI2_IRQHandler                          0x08000227   Thumb Code     0  startup_stm32f767xx.o(.text)
    SPI3_IRQHandler                          0x08000227   Thumb Code     0  startup_stm32f767xx.o(.text)
    SPI4_IRQHandler                          0x08000227   Thumb Code     0  startup_stm32f767xx.o(.text)
    SPI5_IRQHandler                          0x08000227   Thumb Code     0  startup_stm32f767xx.o(.text)
    SPI6_IRQHandler                          0x08000227   Thumb Code     0  startup_stm32f767xx.o(.text)
    TAMP_STAMP_IRQHandler                    0x08000227   Thumb Code     0  startup_stm32f767xx.o(.text)
    TIM1_BRK_TIM9_IRQHandler                 0x08000227   Thumb Code     0  startup_stm32f767xx.o(.text)
    TIM1_CC_IRQHandler                       0x08000227   Thumb Code     0  startup_stm32f767xx.o(.text)
    TIM1_TRG_COM_TIM11_IRQHandler            0x08000227   Thumb Code     0  startup_stm32f767xx.o(.text)
    TIM1_UP_TIM10_IRQHandler                 0x08000227   Thumb Code     0  startup_stm32f767xx.o(.text)
    TIM2_IRQHandler                          0x08000227   Thumb Code     0  startup_stm32f767xx.o(.text)
    TIM3_IRQHandler                          0x08000227   Thumb Code     0  startup_stm32f767xx.o(.text)
    TIM4_IRQHandler                          0x08000227   Thumb Code     0  startup_stm32f767xx.o(.text)
    TIM5_IRQHandler                          0x08000227   Thumb Code     0  startup_stm32f767xx.o(.text)
    TIM7_IRQHandler                          0x08000227   Thumb Code     0  startup_stm32f767xx.o(.text)
    TIM8_BRK_TIM12_IRQHandler                0x08000227   Thumb Code     0  startup_stm32f767xx.o(.text)
    TIM8_CC_IRQHandler                       0x08000227   Thumb Code     0  startup_stm32f767xx.o(.text)
    TIM8_TRG_COM_TIM14_IRQHandler            0x08000227   Thumb Code     0  startup_stm32f767xx.o(.text)
    TIM8_UP_TIM13_IRQHandler                 0x08000227   Thumb Code     0  startup_stm32f767xx.o(.text)
    UART7_IRQHandler                         0x08000227   Thumb Code     0  startup_stm32f767xx.o(.text)
    UART8_IRQHandler                         0x08000227   Thumb Code     0  startup_stm32f767xx.o(.text)
    USART6_IRQHandler                        0x08000227   Thumb Code     0  startup_stm32f767xx.o(.text)
    WWDG_IRQHandler                          0x08000227   Thumb Code     0  startup_stm32f767xx.o(.text)
    __aeabi_uldivmod                         0x08000231   Thumb Code    98  uldiv.o(.text)
    __aeabi_memcpy                           0x08000293   Thumb Code    36  memcpya.o(.text)
    __aeabi_memcpy4                          0x08000293   Thumb Code     0  memcpya.o(.text)
    __aeabi_memcpy8                          0x08000293   Thumb Code     0  memcpya.o(.text)
    __aeabi_memset                           0x080002b7   Thumb Code    14  memseta.o(.text)
    __aeabi_memset4                          0x080002b7   Thumb Code     0  memseta.o(.text)
    __aeabi_memset8                          0x080002b7   Thumb Code     0  memseta.o(.text)
    __aeabi_memclr                           0x080002c5   Thumb Code     4  memseta.o(.text)
    __aeabi_memclr4                          0x080002c5   Thumb Code     0  memseta.o(.text)
    __aeabi_memclr8                          0x080002c5   Thumb Code     0  memseta.o(.text)
    _memset$wrapper                          0x080002c9   Thumb Code    18  memseta.o(.text)
    __aeabi_llsl                             0x080002db   Thumb Code    30  llshl.o(.text)
    _ll_shift_l                              0x080002db   Thumb Code     0  llshl.o(.text)
    __aeabi_llsr                             0x080002f9   Thumb Code    32  llushr.o(.text)
    _ll_ushift_r                             0x080002f9   Thumb Code     0  llushr.o(.text)
    __scatterload                            0x08000319   Thumb Code    28  init.o(.text)
    __scatterload_rt2                        0x08000319   Thumb Code     0  init.o(.text)
    __decompress                             0x0800033d   Thumb Code     0  __dczerorl2.o(.text)
    __decompress1                            0x0800033d   Thumb Code    86  __dczerorl2.o(.text)
    BusFault_Handler                         0x08000393   Thumb Code     4  stm32f7xx_it.o(i.BusFault_Handler)
    CalculateCheckSum                        0x08000397   Thumb Code    26  parseframe.o(i.CalculateCheckSum)
    CheckSectionBegin                        0x080003b1   Thumb Code    16  parseframe.o(i.CheckSectionBegin)
    CheckSectionEnd                          0x080003c1   Thumb Code    46  parseframe.o(i.CheckSectionEnd)
    CheckSum16N                              0x080003ef   Thumb Code    90  msg_qsens.o(i.CheckSum16N)
    ClearFrameConstructor                    0x08000449   Thumb Code    16  parseframe.o(i.ClearFrameConstructor)
    ClearParseParam                          0x08000459   Thumb Code    36  parseframe.o(i.ClearParseParam)
    DMA1_Stream0_IRQHandler                  0x0800047d   Thumb Code    10  stm32f7xx_it.o(i.DMA1_Stream0_IRQHandler)
    DMA1_Stream3_IRQHandler                  0x0800048d   Thumb Code    10  stm32f7xx_it.o(i.DMA1_Stream3_IRQHandler)
    DMA1_Stream7_IRQHandler                  0x0800049d   Thumb Code    10  stm32f7xx_it.o(i.DMA1_Stream7_IRQHandler)
    DebugMon_Handler                         0x080005b7   Thumb Code     2  stm32f7xx_it.o(i.DebugMon_Handler)
    DmaCircularBufferIrqHandle               0x080005b9   Thumb Code    20  enhancedstm32.o(i.DmaCircularBufferIrqHandle)
    FrameBegin                               0x080005cd   Thumb Code    14  parseframe.o(i.FrameBegin)
    FrameEnd                                 0x080005db   Thumb Code    14  parseframe.o(i.FrameEnd)
    GetDoubleBuffer                          0x080005e9   Thumb Code    10  global.o(i.GetDoubleBuffer)
    GetDoubleBufferLength                    0x080005f3   Thumb Code    14  global.o(i.GetDoubleBufferLength)
    HAL_DMA_Abort_IT                         0x08000601   Thumb Code    40  stm32f7xx_hal_dma.o(i.HAL_DMA_Abort_IT)
    HAL_DMA_IRQHandler                       0x08000629   Thumb Code   570  stm32f7xx_hal_dma.o(i.HAL_DMA_IRQHandler)
    HAL_DMA_Init                             0x08000869   Thumb Code   232  stm32f7xx_hal_dma.o(i.HAL_DMA_Init)
    HAL_DMA_Start_IT                         0x08000955   Thumb Code   158  stm32f7xx_hal_dma.o(i.HAL_DMA_Start_IT)
    HAL_GPIO_Init                            0x080009f5   Thumb Code   484  stm32f7xx_hal_gpio.o(i.HAL_GPIO_Init)
    HAL_GPIO_TogglePin                       0x08000c0d   Thumb Code     8  stm32f7xx_hal_gpio.o(i.HAL_GPIO_TogglePin)
    HAL_GPIO_WritePin                        0x08000c15   Thumb Code    12  stm32f7xx_hal_gpio.o(i.HAL_GPIO_WritePin)
    HAL_GetTick                              0x08000c21   Thumb Code     6  stm32f7xx_hal.o(i.HAL_GetTick)
    HAL_IncTick                              0x08000c2d   Thumb Code    16  stm32f7xx_hal.o(i.HAL_IncTick)
    HAL_Init                                 0x08000c45   Thumb Code    22  stm32f7xx_hal.o(i.HAL_Init)
    HAL_InitTick                             0x08000c5d   Thumb Code    64  stm32f7xx_hal.o(i.HAL_InitTick)
    HAL_MspInit                              0x08000ca9   Thumb Code   142  stm32f7xx_hal_msp.o(i.HAL_MspInit)
    HAL_NVIC_EnableIRQ                       0x08000d3d   Thumb Code    26  stm32f7xx_hal_cortex.o(i.HAL_NVIC_EnableIRQ)
    HAL_NVIC_SetPriority                     0x08000d57   Thumb Code   124  stm32f7xx_hal_cortex.o(i.HAL_NVIC_SetPriority)
    HAL_NVIC_SetPriorityGrouping             0x08000dd5   Thumb Code    32  stm32f7xx_hal_cortex.o(i.HAL_NVIC_SetPriorityGrouping)
    HAL_PWREx_EnableOverDrive                0x08000dfd   Thumb Code   136  stm32f7xx_hal_pwr_ex.o(i.HAL_PWREx_EnableOverDrive)
    HAL_RCCEx_PeriphCLKConfig                0x08000e8d   Thumb Code  1876  stm32f7xx_hal_rcc_ex.o(i.HAL_RCCEx_PeriphCLKConfig)
    HAL_RCC_ClockConfig                      0x080015e5   Thumb Code   382  stm32f7xx_hal_rcc.o(i.HAL_RCC_ClockConfig)
    HAL_RCC_GetHCLKFreq                      0x08001775   Thumb Code     6  stm32f7xx_hal_rcc.o(i.HAL_RCC_GetHCLKFreq)
    HAL_RCC_GetPCLK1Freq                     0x08001781   Thumb Code    22  stm32f7xx_hal_rcc.o(i.HAL_RCC_GetPCLK1Freq)
    HAL_RCC_GetPCLK2Freq                     0x080017a1   Thumb Code    22  stm32f7xx_hal_rcc.o(i.HAL_RCC_GetPCLK2Freq)
    HAL_RCC_GetSysClockFreq                  0x080017c1   Thumb Code   162  stm32f7xx_hal_rcc.o(i.HAL_RCC_GetSysClockFreq)
    HAL_RCC_OscConfig                        0x08001871   Thumb Code  1204  stm32f7xx_hal_rcc.o(i.HAL_RCC_OscConfig)
    HAL_SYSTICK_CLKSourceConfig              0x08001d29   Thumb Code    40  stm32f7xx_hal_cortex.o(i.HAL_SYSTICK_CLKSourceConfig)
    HAL_SYSTICK_Callback                     0x08001d51   Thumb Code     2  stm32f7xx_hal_cortex.o(i.HAL_SYSTICK_Callback)
    HAL_SYSTICK_Config                       0x08001d53   Thumb Code    52  stm32f7xx_hal_cortex.o(i.HAL_SYSTICK_Config)
    HAL_SYSTICK_IRQHandler                   0x08001d87   Thumb Code     8  stm32f7xx_hal_cortex.o(i.HAL_SYSTICK_IRQHandler)
    HAL_TIMEx_BreakCallback                  0x08001d8f   Thumb Code     2  stm32f7xx_hal_tim_ex.o(i.HAL_TIMEx_BreakCallback)
    HAL_TIMEx_CommutationCallback            0x08001d91   Thumb Code     2  stm32f7xx_hal_tim_ex.o(i.HAL_TIMEx_CommutationCallback)
    HAL_TIMEx_MasterConfigSynchronization    0x08001d95   Thumb Code    98  stm32f7xx_hal_tim_ex.o(i.HAL_TIMEx_MasterConfigSynchronization)
    HAL_TIM_Base_Init                        0x08001e01   Thumb Code    52  stm32f7xx_hal_tim.o(i.HAL_TIM_Base_Init)
    HAL_TIM_Base_MspInit                     0x08001e35   Thumb Code    58  tim.o(i.HAL_TIM_Base_MspInit)
    HAL_TIM_IC_CaptureCallback               0x08001e79   Thumb Code     2  stm32f7xx_hal_tim.o(i.HAL_TIM_IC_CaptureCallback)
    HAL_TIM_IRQHandler                       0x08001e7b   Thumb Code   440  stm32f7xx_hal_tim.o(i.HAL_TIM_IRQHandler)
    HAL_TIM_OC_DelayElapsedCallback          0x08002033   Thumb Code     2  stm32f7xx_hal_tim.o(i.HAL_TIM_OC_DelayElapsedCallback)
    HAL_TIM_PWM_PulseFinishedCallback        0x08002035   Thumb Code     2  stm32f7xx_hal_tim.o(i.HAL_TIM_PWM_PulseFinishedCallback)
    HAL_TIM_PeriodElapsedCallback            0x08002039   Thumb Code    18  device.o(i.HAL_TIM_PeriodElapsedCallback)
    HAL_TIM_TriggerCallback                  0x08002055   Thumb Code     2  stm32f7xx_hal_tim.o(i.HAL_TIM_TriggerCallback)
    HAL_UART_ErrorCallback                   0x08002059   Thumb Code    50  device.o(i.HAL_UART_ErrorCallback)
    HAL_UART_GetError                        0x08002091   Thumb Code     6  stm32f7xx_hal_uart.o(i.HAL_UART_GetError)
    HAL_UART_IRQHandler                      0x08002099   Thumb Code   348  stm32f7xx_hal_uart.o(i.HAL_UART_IRQHandler)
    HAL_UART_Init                            0x080021f9   Thumb Code   120  stm32f7xx_hal_uart.o(i.HAL_UART_Init)
    HAL_UART_MspInit                         0x08002271   Thumb Code   626  usart.o(i.HAL_UART_MspInit)
    HAL_UART_Receive_DMA                     0x08002525   Thumb Code   160  stm32f7xx_hal_uart.o(i.HAL_UART_Receive_DMA)
    HAL_UART_Receive_IT                      0x080025d1   Thumb Code   188  stm32f7xx_hal_uart.o(i.HAL_UART_Receive_IT)
    HAL_UART_RxCpltCallback                  0x0800268d   Thumb Code    58  device.o(i.HAL_UART_RxCpltCallback)
    HAL_UART_RxHalfCpltCallback              0x080026e1   Thumb Code     2  stm32f7xx_hal_uart.o(i.HAL_UART_RxHalfCpltCallback)
    HAL_UART_Transmit_DMA                    0x080026e5   Thumb Code   146  stm32f7xx_hal_uart.o(i.HAL_UART_Transmit_DMA)
    HAL_UART_TxCpltCallback                  0x08002785   Thumb Code     2  stm32f7xx_hal_uart.o(i.HAL_UART_TxCpltCallback)
    HAL_UART_TxHalfCpltCallback              0x08002787   Thumb Code     2  stm32f7xx_hal_uart.o(i.HAL_UART_TxHalfCpltCallback)
    HardFault_Handler                        0x08002789   Thumb Code     4  stm32f7xx_it.o(i.HardFault_Handler)
    HeartPulse                               0x0800278d   Thumb Code    34  mainentry.o(i.HeartPulse)
    InitDevice                               0x080027b9   Thumb Code    54  device.o(i.InitDevice)
    InitDmaCircularBuffer                    0x08002811   Thumb Code    46  enhancedstm32.o(i.InitDmaCircularBuffer)
    InitFrameParse                           0x0800283f   Thumb Code    44  parseframe.o(i.InitFrameParse)
    InitMessage                              0x0800286d   Thumb Code    64  message.o(i.InitMessage)
    LED_Toggle                               0x080028c5   Thumb Code    38  dvc_led.o(i.LED_Toggle)
    LengthSectionBegin                       0x080028f5   Thumb Code    16  parseframe.o(i.LengthSectionBegin)
    LengthSectionEnd                         0x08002905   Thumb Code    42  parseframe.o(i.LengthSectionEnd)
    MG354_BinFrameCheckCRC32                 0x08002931   Thumb Code    56  msg_qsens.o(i.MG354_BinFrameCheckCRC32)
    MG354_BinFrameLength                     0x0800296d   Thumb Code     6  msg_qsens.o(i.MG354_BinFrameLength)
    MG354_BinFrameParseUM                    0x08002975   Thumb Code    26  msg_qsens.o(i.MG354_BinFrameParseUM)
    MG354_InitParse                          0x08002995   Thumb Code     6  msg_qsens.o(i.MG354_InitParse)
    MX_DMA_Init                              0x0800299d   Thumb Code    80  dma.o(i.MX_DMA_Init)
    MX_GPIO_Init                             0x080029f1   Thumb Code   208  gpio.o(i.MX_GPIO_Init)
    MX_TIM6_Init                             0x08002acd   Thumb Code    68  tim.o(i.MX_TIM6_Init)
    MX_UART4_Init                            0x08002b29   Thumb Code    60  usart.o(i.MX_UART4_Init)
    MX_UART5_Init                            0x08002b7d   Thumb Code    60  usart.o(i.MX_UART5_Init)
    MX_USART1_UART_Init                      0x08002bd1   Thumb Code    60  usart.o(i.MX_USART1_UART_Init)
    MX_USART2_UART_Init                      0x08002c25   Thumb Code    60  usart.o(i.MX_USART2_UART_Init)
    MX_USART3_UART_Init                      0x08002c79   Thumb Code    60  usart.o(i.MX_USART3_UART_Init)
    MainEntry                                0x08002ccd   Thumb Code    52  mainentry.o(i.MainEntry)
    MarkLengthPosition                       0x08002d09   Thumb Code    42  parseframe.o(i.MarkLengthPosition)
    MemManage_Handler                        0x08002d33   Thumb Code     4  stm32f7xx_it.o(i.MemManage_Handler)
    NMI_Handler                              0x08002d37   Thumb Code     2  stm32f7xx_it.o(i.NMI_Handler)
    ParaseIMU                                0x08002d71   Thumb Code   420  mg354.o(i.ParaseIMU)
    ParseFrameByte                           0x08002f35   Thumb Code   760  parseframe.o(i.ParseFrameByte)
    ParseFrameUsart5DMA                      0x0800322d   Thumb Code    14  message.o(i.ParseFrameUsart5DMA)
    ParseFrame_DMA                           0x08003241   Thumb Code    50  enhancedstm32.o(i.ParseFrame_DMA)
    PendSV_Handler                           0x08003273   Thumb Code     2  stm32f7xx_it.o(i.PendSV_Handler)
    PopDmaCircularBuffer                     0x08003275   Thumb Code   296  enhancedstm32.o(i.PopDmaCircularBuffer)
    PushBytesDoubleBuffer                    0x0800339d   Thumb Code    28  global.o(i.PushBytesDoubleBuffer)
    PushCircularBuffer                       0x080033b9   Thumb Code    54  global.o(i.PushCircularBuffer)
    PushDoubleBuffer                         0x080033ef   Thumb Code    66  global.o(i.PushDoubleBuffer)
    PushWordDoubleBuffer                     0x08003431   Thumb Code    24  global.o(i.PushWordDoubleBuffer)
    QSENS_BinFrameCheck                      0x08003449   Thumb Code    38  msg_qsens.o(i.QSENS_BinFrameCheck)
    QSENS_BinFrameLength                     0x0800346f   Thumb Code    20  msg_qsens.o(i.QSENS_BinFrameLength)
    QSENS_BinFrameParse                      0x08003483   Thumb Code    22  msg_qsens.o(i.QSENS_BinFrameParse)
    QSENS_BinInit                            0x08003499   Thumb Code    28  msg_qsens.o(i.QSENS_BinInit)
    QSENS_MakeImuFrame                       0x080034bd   Thumb Code   256  msg_qsens.o(i.QSENS_MakeImuFrame)
    RecieveInputStream_IT                    0x080035c5   Thumb Code    36  enhancedstm32.o(i.RecieveInputStream_IT)
    SVC_Handler                              0x080035e9   Thumb Code     2  stm32f7xx_it.o(i.SVC_Handler)
    SampleAndSendImuData                     0x080035ed   Thumb Code    30  message.o(i.SampleAndSendImuData)
    SampleImuDataMG354                       0x08003615   Thumb Code   206  device.o(i.SampleImuDataMG354)
    SendDoubleBuffer                         0x08003701   Thumb Code   102  enhancedstm32.o(i.SendDoubleBuffer)
    SysTick_Handler                          0x08003767   Thumb Code    12  stm32f7xx_it.o(i.SysTick_Handler)
    SystemClock_Config                       0x08003775   Thumb Code   236  main.o(i.SystemClock_Config)
    SystemInit                               0x08003879   Thumb Code    82  system_stm32f7xx.o(i.SystemInit)
    TIM6_DAC_IRQHandler                      0x080038dd   Thumb Code    10  stm32f7xx_it.o(i.TIM6_DAC_IRQHandler)
    TIM_Base_SetConfig                       0x080038ed   Thumb Code   196  stm32f7xx_hal_tim.o(i.TIM_Base_SetConfig)
    UART4_IRQHandler                         0x080039dd   Thumb Code    10  stm32f7xx_it.o(i.UART4_IRQHandler)
    UART5_IRQHandler                         0x080039ed   Thumb Code    10  stm32f7xx_it.o(i.UART5_IRQHandler)
    UART_AdvFeatureConfig                    0x080039fd   Thumb Code   234  stm32f7xx_hal_uart.o(i.UART_AdvFeatureConfig)
    UART_CheckIdleState                      0x08003ae7   Thumb Code    78  stm32f7xx_hal_uart.o(i.UART_CheckIdleState)
    UART_LinkInputStream_DMA                 0x08003c8b   Thumb Code    18  enhancedstm32.o(i.UART_LinkInputStream_DMA)
    UART_SetConfig                           0x08003d25   Thumb Code   858  stm32f7xx_hal_uart.o(i.UART_SetConfig)
    UART_WaitOnFlagUntilTimeout              0x0800411b   Thumb Code   108  stm32f7xx_hal_uart.o(i.UART_WaitOnFlagUntilTimeout)
    USART1_IRQHandler                        0x08004189   Thumb Code    10  stm32f7xx_it.o(i.USART1_IRQHandler)
    USART2_IRQHandler                        0x08004199   Thumb Code    10  stm32f7xx_it.o(i.USART2_IRQHandler)
    USART3_IRQHandler                        0x080041a9   Thumb Code    10  stm32f7xx_it.o(i.USART3_IRQHandler)
    UsageFault_Handler                       0x080041b9   Thumb Code     4  stm32f7xx_it.o(i.UsageFault_Handler)
    _Error_Handler                           0x080041bd   Thumb Code     4  main.o(i._Error_Handler)
    __scatterload_copy                       0x080041c1   Thumb Code    14  handlers.o(i.__scatterload_copy)
    __scatterload_null                       0x080041cf   Thumb Code     2  handlers.o(i.__scatterload_null)
    __scatterload_zeroinit                   0x080041d1   Thumb Code    14  handlers.o(i.__scatterload_zeroinit)
    free                                     0x080041e1   Thumb Code    76  malloc.o(i.free)
    main                                     0x08004231   Thumb Code    48  main.o(i.main)
    malloc                                   0x08004261   Thumb Code    92  malloc.o(i.malloc)
    AHBPrescTable                            0x080042cc   Data          16  system_stm32f7xx.o(.constdata)
    APBPrescTable                            0x080042dc   Data           8  system_stm32f7xx.o(.constdata)
    Region$$Table$$Base                      0x080042ec   Number         0  anon$$obj.o(Region$$Table)
    Region$$Table$$Limit                     0x0800430c   Number         0  anon$$obj.o(Region$$Table)
    SystemCoreClock                          0x20000000   Data           4  system_stm32f7xx.o(.data)
    FramLength                               0x20000004   Data           2  mainentry.o(.data)
    g_LedTable                               0x2000000c   Data          64  device.o(.data)
    g_LedNumber                              0x2000004c   Data           2  device.o(.data)
    g_Usart5InputStream                      0x20000050   Data           8  device.o(.data)
    g_Usart3OutputStream                     0x20000058   Data           8  device.o(.data)
    g_USART1_Buffer                          0x20000060   Data          16  device.o(.data)
    g_USART3_Buffer                          0x20000070   Data          16  device.o(.data)
    g_Usart1OutputBuffer                     0x20000080   Data          20  device.o(.data)
    g_Usart3OutputBuffer                     0x20000094   Data          20  device.o(.data)
    f10ms                                    0x200000a8   Data           1  device.o(.data)
    rxCpltFlag                               0x200000a9   Data           1  device.o(.data)
    uwTick                                   0x200000ac   Data           4  stm32f7xx_hal.o(.data)
    uwTickPrio                               0x200000b0   Data           4  stm32f7xx_hal.o(.data)
    uwTickFreq                               0x200000b4   Data           1  stm32f7xx_hal.o(.data)
    USART1_FRAME                             0x200000b8   Data          80  message.o(.data)
    USART3_FRAME                             0x20000108   Data          80  message.o(.data)
    USART5_FRAME                             0x20000158   Data          80  message.o(.data)
    g_Usart1Parse                            0x200001a8   Data          36  message.o(.data)
    g_Usart3Parse                            0x200001cc   Data          36  message.o(.data)
    g_Usart5Parse                            0x200001f0   Data          36  message.o(.data)
    RecFlag                                  0x20000214   Data           1  msg_qsens.o(.data)
    __microlib_freelist                      0x20000218   Data           4  mvars.o(.data)
    __microlib_freelist_initialised          0x2000021c   Data           4  mvars.o(.data)
    g_Usart1InputStream                      0x20000220   Data          16  device.o(.bss)
    g_Usart3InputStream                      0x20000230   Data          16  device.o(.bss)
    g_USART1_Buffer_memory                   0x20000240   Data        1024  device.o(.bss)
    g_USART3_Buffer_memory                   0x20000640   Data         128  device.o(.bss)
    g_USART5_Buffer                          0x200006c0   Data         128  device.o(.bss)
    g_Usart1OutputBuffer_memory              0x20000740   Data        2048  device.o(.bss)
    g_Usart3OutputBuffer_memory              0x20000f40   Data        2048  device.o(.bss)
    MG354                                    0x20001740   Data          72  device.o(.bss)
    g_CircularBuffer_DMA_UART5               0x20001788   Data          52  device.o(.bss)
    htim6                                    0x200017bc   Data          64  tim.o(.bss)
    huart4                                   0x200017fc   Data         112  usart.o(.bss)
    huart5                                   0x2000186c   Data         112  usart.o(.bss)
    huart1                                   0x200018dc   Data         112  usart.o(.bss)
    huart2                                   0x2000194c   Data         112  usart.o(.bss)
    huart3                                   0x200019bc   Data         112  usart.o(.bss)
    hdma_uart5_tx                            0x20001a2c   Data          96  usart.o(.bss)
    hdma_uart5_rx                            0x20001a8c   Data          96  usart.o(.bss)
    hdma_usart3_tx                           0x20001aec   Data          96  usart.o(.bss)
    Imu                                      0x20001b4c   Data          48  message.o(.bss)
    g_Usart1Parse_memory                     0x20001b7c   Data         128  message.o(.bss)
    g_Usart3Parse_memory                     0x20001bfc   Data         128  message.o(.bss)
    g_Usart5Parse_memory                     0x20001c7c   Data         128  message.o(.bss)
    g_Imu                                    0x20001cfc   Data          48  msg_qsens.o(.bss)
    frameConstr                              0x20001d2c   Data          12  msg_qsens.o(.bss)
    usart3_rxbuf                             0x20001d38   Data         100  msg_qsens.o(.bss)
    __heap_base                              0x20001da0   Data           0  startup_stm32f767xx.o(HEAP)
    __heap_limit                             0x20001fa0   Data           0  startup_stm32f767xx.o(HEAP)
    __initial_sp                             0x200047a0   Data           0  startup_stm32f767xx.o(STACK)



==============================================================================

Memory Map of the image

  Image Entry point : 0x080001f9

  Load Region LR_IROM1 (Base: 0x08000000, Size: 0x0000452c, Max: 0x00200000, ABSOLUTE, COMPRESSED[0x00004390])

    Execution Region ER_IROM1 (Base: 0x08000000, Size: 0x0000430c, Max: 0x00200000, ABSOLUTE)

    Base Addr    Size         Type   Attr      Idx    E Section Name        Object

    0x08000000   0x000001f8   Data   RO            3    RESET               startup_stm32f767xx.o
    0x080001f8   0x00000000   Code   RO         4232  * .ARM.Collect$$$$00000000  mc_w.l(entry.o)
    0x080001f8   0x00000004   Code   RO         4533    .ARM.Collect$$$$00000001  mc_w.l(entry2.o)
    0x080001fc   0x00000004   Code   RO         4536    .ARM.Collect$$$$00000004  mc_w.l(entry5.o)
    0x08000200   0x00000000   Code   RO         4538    .ARM.Collect$$$$00000008  mc_w.l(entry7b.o)
    0x08000200   0x00000000   Code   RO         4540    .ARM.Collect$$$$0000000A  mc_w.l(entry8b.o)
    0x08000200   0x00000008   Code   RO         4541    .ARM.Collect$$$$0000000B  mc_w.l(entry9a.o)
    0x08000208   0x00000000   Code   RO         4543    .ARM.Collect$$$$0000000D  mc_w.l(entry10a.o)
    0x08000208   0x00000000   Code   RO         4545    .ARM.Collect$$$$0000000F  mc_w.l(entry11a.o)
    0x08000208   0x00000004   Code   RO         4534    .ARM.Collect$$$$00002712  mc_w.l(entry2.o)
    0x0800020c   0x00000024   Code   RO            4    .text               startup_stm32f767xx.o
    0x08000230   0x00000062   Code   RO         4235    .text               mc_w.l(uldiv.o)
    0x08000292   0x00000024   Code   RO         4237    .text               mc_w.l(memcpya.o)
    0x080002b6   0x00000024   Code   RO         4239    .text               mc_w.l(memseta.o)
    0x080002da   0x0000001e   Code   RO         4550    .text               mc_w.l(llshl.o)
    0x080002f8   0x00000020   Code   RO         4552    .text               mc_w.l(llushr.o)
    0x08000318   0x00000024   Code   RO         4567    .text               mc_w.l(init.o)
    0x0800033c   0x00000056   Code   RO         4581    .text               mc_w.l(__dczerorl2.o)
    0x08000392   0x00000004   Code   RO         3630    i.BusFault_Handler  stm32f7xx_it.o
    0x08000396   0x0000001a   Code   RO         3934    i.CalculateCheckSum  parseframe.o
    0x080003b0   0x00000010   Code   RO         3943    i.CheckSectionBegin  parseframe.o
    0x080003c0   0x0000002e   Code   RO         3944    i.CheckSectionEnd   parseframe.o
    0x080003ee   0x0000005a   Code   RO         3843    i.CheckSum16N       msg_qsens.o
    0x08000448   0x00000010   Code   RO         3947    i.ClearFrameConstructor  parseframe.o
    0x08000458   0x00000024   Code   RO         3948    i.ClearParseParam   parseframe.o
    0x0800047c   0x00000010   Code   RO         3631    i.DMA1_Stream0_IRQHandler  stm32f7xx_it.o
    0x0800048c   0x00000010   Code   RO         3632    i.DMA1_Stream3_IRQHandler  stm32f7xx_it.o
    0x0800049c   0x00000010   Code   RO         3633    i.DMA1_Stream7_IRQHandler  stm32f7xx_it.o
    0x080004ac   0x00000034   Code   RO         2388    i.DMA_CalcBaseAndBitshift  stm32f7xx_hal_dma.o
    0x080004e0   0x000000aa   Code   RO         2389    i.DMA_CheckFifoParam  stm32f7xx_hal_dma.o
    0x0800058a   0x0000002c   Code   RO         2390    i.DMA_SetConfig     stm32f7xx_hal_dma.o
    0x080005b6   0x00000002   Code   RO         3634    i.DebugMon_Handler  stm32f7xx_it.o
    0x080005b8   0x00000014   Code   RO          459    i.DmaCircularBufferIrqHandle  enhancedstm32.o
    0x080005cc   0x0000000e   Code   RO         3951    i.FrameBegin        parseframe.o
    0x080005da   0x0000000e   Code   RO         3952    i.FrameEnd          parseframe.o
    0x080005e8   0x0000000a   Code   RO          236    i.GetDoubleBuffer   global.o
    0x080005f2   0x0000000e   Code   RO          237    i.GetDoubleBufferLength  global.o
    0x08000600   0x00000028   Code   RO         2392    i.HAL_DMA_Abort_IT  stm32f7xx_hal_dma.o
    0x08000628   0x00000240   Code   RO         2396    i.HAL_DMA_IRQHandler  stm32f7xx_hal_dma.o
    0x08000868   0x000000ec   Code   RO         2397    i.HAL_DMA_Init      stm32f7xx_hal_dma.o
    0x08000954   0x0000009e   Code   RO         2401    i.HAL_DMA_Start_IT  stm32f7xx_hal_dma.o
    0x080009f2   0x00000002   PAD
    0x080009f4   0x00000218   Code   RO         2325    i.HAL_GPIO_Init     stm32f7xx_hal_gpio.o
    0x08000c0c   0x00000008   Code   RO         2328    i.HAL_GPIO_TogglePin  stm32f7xx_hal_gpio.o
    0x08000c14   0x0000000c   Code   RO         2329    i.HAL_GPIO_WritePin  stm32f7xx_hal_gpio.o
    0x08000c20   0x0000000c   Code   RO         2768    i.HAL_GetTick       stm32f7xx_hal.o
    0x08000c2c   0x00000018   Code   RO         2774    i.HAL_IncTick       stm32f7xx_hal.o
    0x08000c44   0x00000016   Code   RO         2775    i.HAL_Init          stm32f7xx_hal.o
    0x08000c5a   0x00000002   PAD
    0x08000c5c   0x0000004c   Code   RO         2776    i.HAL_InitTick      stm32f7xx_hal.o
    0x08000ca8   0x00000094   Code   RO         3760    i.HAL_MspInit       stm32f7xx_hal_msp.o
    0x08000d3c   0x0000001a   Code   RO          585    i.HAL_NVIC_EnableIRQ  stm32f7xx_hal_cortex.o
    0x08000d56   0x0000007c   Code   RO          591    i.HAL_NVIC_SetPriority  stm32f7xx_hal_cortex.o
    0x08000dd2   0x00000002   PAD
    0x08000dd4   0x00000028   Code   RO          592    i.HAL_NVIC_SetPriorityGrouping  stm32f7xx_hal_cortex.o
    0x08000dfc   0x00000090   Code   RO         2665    i.HAL_PWREx_EnableOverDrive  stm32f7xx_hal_pwr_ex.o
    0x08000e8c   0x00000758   Code   RO         2041    i.HAL_RCCEx_PeriphCLKConfig  stm32f7xx_hal_rcc_ex.o
    0x080015e4   0x00000190   Code   RO         1934    i.HAL_RCC_ClockConfig  stm32f7xx_hal_rcc.o
    0x08001774   0x0000000c   Code   RO         1939    i.HAL_RCC_GetHCLKFreq  stm32f7xx_hal_rcc.o
    0x08001780   0x00000020   Code   RO         1941    i.HAL_RCC_GetPCLK1Freq  stm32f7xx_hal_rcc.o
    0x080017a0   0x00000020   Code   RO         1942    i.HAL_RCC_GetPCLK2Freq  stm32f7xx_hal_rcc.o
    0x080017c0   0x000000b0   Code   RO         1943    i.HAL_RCC_GetSysClockFreq  stm32f7xx_hal_rcc.o
    0x08001870   0x000004b8   Code   RO         1946    i.HAL_RCC_OscConfig  stm32f7xx_hal_rcc.o
    0x08001d28   0x00000028   Code   RO          594    i.HAL_SYSTICK_CLKSourceConfig  stm32f7xx_hal_cortex.o
    0x08001d50   0x00000002   Code   RO          595    i.HAL_SYSTICK_Callback  stm32f7xx_hal_cortex.o
    0x08001d52   0x00000034   Code   RO          596    i.HAL_SYSTICK_Config  stm32f7xx_hal_cortex.o
    0x08001d86   0x00000008   Code   RO          597    i.HAL_SYSTICK_IRQHandler  stm32f7xx_hal_cortex.o
    0x08001d8e   0x00000002   Code   RO         1365    i.HAL_TIMEx_BreakCallback  stm32f7xx_hal_tim_ex.o
    0x08001d90   0x00000002   Code   RO         1366    i.HAL_TIMEx_CommutationCallback  stm32f7xx_hal_tim_ex.o
    0x08001d92   0x00000002   PAD
    0x08001d94   0x0000006c   Code   RO         1384    i.HAL_TIMEx_MasterConfigSynchronization  stm32f7xx_hal_tim_ex.o
    0x08001e00   0x00000034   Code   RO          722    i.HAL_TIM_Base_Init  stm32f7xx_hal_tim.o
    0x08001e34   0x00000044   Code   RO         3523    i.HAL_TIM_Base_MspInit  tim.o
    0x08001e78   0x00000002   Code   RO          751    i.HAL_TIM_IC_CaptureCallback  stm32f7xx_hal_tim.o
    0x08001e7a   0x000001b8   Code   RO          764    i.HAL_TIM_IRQHandler  stm32f7xx_hal_tim.o
    0x08002032   0x00000002   Code   RO          767    i.HAL_TIM_OC_DelayElapsedCallback  stm32f7xx_hal_tim.o
    0x08002034   0x00000002   Code   RO          794    i.HAL_TIM_PWM_PulseFinishedCallback  stm32f7xx_hal_tim.o
    0x08002036   0x00000002   PAD
    0x08002038   0x0000001c   Code   RO          312    i.HAL_TIM_PeriodElapsedCallback  device.o
    0x08002054   0x00000002   Code   RO          805    i.HAL_TIM_TriggerCallback  stm32f7xx_hal_tim.o
    0x08002056   0x00000002   PAD
    0x08002058   0x00000038   Code   RO          313    i.HAL_UART_ErrorCallback  device.o
    0x08002090   0x00000006   Code   RO         1660    i.HAL_UART_GetError  stm32f7xx_hal_uart.o
    0x08002096   0x00000002   PAD
    0x08002098   0x00000160   Code   RO         1662    i.HAL_UART_IRQHandler  stm32f7xx_hal_uart.o
    0x080021f8   0x00000078   Code   RO         1663    i.HAL_UART_Init     stm32f7xx_hal_uart.o
    0x08002270   0x000002b4   Code   RO         3565    i.HAL_UART_MspInit  usart.o
    0x08002524   0x000000ac   Code   RO         1667    i.HAL_UART_Receive_DMA  stm32f7xx_hal_uart.o
    0x080025d0   0x000000bc   Code   RO         1668    i.HAL_UART_Receive_IT  stm32f7xx_hal_uart.o
    0x0800268c   0x00000054   Code   RO          314    i.HAL_UART_RxCpltCallback  device.o
    0x080026e0   0x00000002   Code   RO         1670    i.HAL_UART_RxHalfCpltCallback  stm32f7xx_hal_uart.o
    0x080026e2   0x00000002   PAD
    0x080026e4   0x000000a0   Code   RO         1672    i.HAL_UART_Transmit_DMA  stm32f7xx_hal_uart.o
    0x08002784   0x00000002   Code   RO         1674    i.HAL_UART_TxCpltCallback  stm32f7xx_hal_uart.o
    0x08002786   0x00000002   Code   RO         1675    i.HAL_UART_TxHalfCpltCallback  stm32f7xx_hal_uart.o
    0x08002788   0x00000004   Code   RO         3635    i.HardFault_Handler  stm32f7xx_it.o
    0x0800278c   0x0000002c   Code   RO          146    i.HeartPulse        mainentry.o
    0x080027b8   0x00000058   Code   RO          315    i.InitDevice        device.o
    0x08002810   0x0000002e   Code   RO          460    i.InitDmaCircularBuffer  enhancedstm32.o
    0x0800283e   0x0000002c   Code   RO         3970    i.InitFrameParse    parseframe.o
    0x0800286a   0x00000002   PAD
    0x0800286c   0x00000058   Code   RO         3784    i.InitMessage       message.o
    0x080028c4   0x00000030   Code   RO          388    i.LED_Toggle        dvc_led.o
    0x080028f4   0x00000010   Code   RO         3972    i.LengthSectionBegin  parseframe.o
    0x08002904   0x0000002a   Code   RO         3973    i.LengthSectionEnd  parseframe.o
    0x0800292e   0x00000002   PAD
    0x08002930   0x0000003c   Code   RO         3844    i.MG354_BinFrameCheckCRC32  msg_qsens.o
    0x0800296c   0x00000006   Code   RO         3845    i.MG354_BinFrameLength  msg_qsens.o
    0x08002972   0x00000002   PAD
    0x08002974   0x00000020   Code   RO         3846    i.MG354_BinFrameParseUM  msg_qsens.o
    0x08002994   0x00000006   Code   RO         3847    i.MG354_InitParse   msg_qsens.o
    0x0800299a   0x00000002   PAD
    0x0800299c   0x00000054   Code   RO         3498    i.MX_DMA_Init       dma.o
    0x080029f0   0x000000dc   Code   RO         3474    i.MX_GPIO_Init      gpio.o
    0x08002acc   0x0000005c   Code   RO         3524    i.MX_TIM6_Init      tim.o
    0x08002b28   0x00000054   Code   RO         3566    i.MX_UART4_Init     usart.o
    0x08002b7c   0x00000054   Code   RO         3567    i.MX_UART5_Init     usart.o
    0x08002bd0   0x00000054   Code   RO         3568    i.MX_USART1_UART_Init  usart.o
    0x08002c24   0x00000054   Code   RO         3569    i.MX_USART2_UART_Init  usart.o
    0x08002c78   0x00000054   Code   RO         3570    i.MX_USART3_UART_Init  usart.o
    0x08002ccc   0x0000003c   Code   RO          147    i.MainEntry         mainentry.o
    0x08002d08   0x0000002a   Code   RO         3974    i.MarkLengthPosition  parseframe.o
    0x08002d32   0x00000004   Code   RO         3636    i.MemManage_Handler  stm32f7xx_it.o
    0x08002d36   0x00000002   Code   RO         3637    i.NMI_Handler       stm32f7xx_it.o
    0x08002d38   0x00000010   Code   RO          598    i.NVIC_GetPriorityGrouping  stm32f7xx_hal_cortex.o
    0x08002d48   0x00000028   Code   RO          599    i.NVIC_SetPriority  stm32f7xx_hal_cortex.o
    0x08002d70   0x000001c4   Code   RO          529    i.ParaseIMU         mg354.o
    0x08002f34   0x000002f8   Code   RO         3976    i.ParseFrameByte    parseframe.o
    0x0800322c   0x00000014   Code   RO         3788    i.ParseFrameUsart5DMA  message.o
    0x08003240   0x00000032   Code   RO          461    i.ParseFrame_DMA    enhancedstm32.o
    0x08003272   0x00000002   Code   RO         3638    i.PendSV_Handler    stm32f7xx_it.o
    0x08003274   0x00000128   Code   RO          462    i.PopDmaCircularBuffer  enhancedstm32.o
    0x0800339c   0x0000001c   Code   RO          240    i.PushBytesDoubleBuffer  global.o
    0x080033b8   0x00000036   Code   RO          241    i.PushCircularBuffer  global.o
    0x080033ee   0x00000042   Code   RO          242    i.PushDoubleBuffer  global.o
    0x08003430   0x00000018   Code   RO          243    i.PushWordDoubleBuffer  global.o
    0x08003448   0x00000026   Code   RO         3848    i.QSENS_BinFrameCheck  msg_qsens.o
    0x0800346e   0x00000014   Code   RO         3849    i.QSENS_BinFrameLength  msg_qsens.o
    0x08003482   0x00000016   Code   RO         3850    i.QSENS_BinFrameParse  msg_qsens.o
    0x08003498   0x00000024   Code   RO         3851    i.QSENS_BinInit     msg_qsens.o
    0x080034bc   0x00000108   Code   RO         3852    i.QSENS_MakeImuFrame  msg_qsens.o
    0x080035c4   0x00000024   Code   RO          463    i.RecieveInputStream_IT  enhancedstm32.o
    0x080035e8   0x00000002   Code   RO         3639    i.SVC_Handler       stm32f7xx_it.o
    0x080035ea   0x00000002   PAD
    0x080035ec   0x00000028   Code   RO         3789    i.SampleAndSendImuData  message.o
    0x08003614   0x000000ec   Code   RO          316    i.SampleImuDataMG354  device.o
    0x08003700   0x00000066   Code   RO          464    i.SendDoubleBuffer  enhancedstm32.o
    0x08003766   0x0000000c   Code   RO         3640    i.SysTick_Handler   stm32f7xx_it.o
    0x08003772   0x00000002   PAD
    0x08003774   0x00000104   Code   RO         3428    i.SystemClock_Config  main.o
    0x08003878   0x00000064   Code   RO           14    i.SystemInit        system_stm32f7xx.o
    0x080038dc   0x00000010   Code   RO         3641    i.TIM6_DAC_IRQHandler  stm32f7xx_it.o
    0x080038ec   0x000000f0   Code   RO          806    i.TIM_Base_SetConfig  stm32f7xx_hal_tim.o
    0x080039dc   0x00000010   Code   RO         3642    i.UART4_IRQHandler  stm32f7xx_it.o
    0x080039ec   0x00000010   Code   RO         3643    i.UART5_IRQHandler  stm32f7xx_it.o
    0x080039fc   0x000000ea   Code   RO         1676    i.UART_AdvFeatureConfig  stm32f7xx_hal_uart.o
    0x08003ae6   0x0000004e   Code   RO         1677    i.UART_CheckIdleState  stm32f7xx_hal_uart.o
    0x08003b34   0x00000018   Code   RO         1678    i.UART_DMAAbortOnError  stm32f7xx_hal_uart.o
    0x08003b4c   0x0000004e   Code   RO         1679    i.UART_DMAError     stm32f7xx_hal_uart.o
    0x08003b9a   0x00000048   Code   RO         1680    i.UART_DMAReceiveCplt  stm32f7xx_hal_uart.o
    0x08003be2   0x0000000e   Code   RO         1681    i.UART_DMARxHalfCplt  stm32f7xx_hal_uart.o
    0x08003bf0   0x00000038   Code   RO         1682    i.UART_DMATransmitCplt  stm32f7xx_hal_uart.o
    0x08003c28   0x0000000e   Code   RO         1683    i.UART_DMATxHalfCplt  stm32f7xx_hal_uart.o
    0x08003c36   0x00000020   Code   RO         1684    i.UART_EndRxTransfer  stm32f7xx_hal_uart.o
    0x08003c56   0x00000020   Code   RO         1685    i.UART_EndTransmit_IT  stm32f7xx_hal_uart.o
    0x08003c76   0x00000014   Code   RO         1686    i.UART_EndTxTransfer  stm32f7xx_hal_uart.o
    0x08003c8a   0x00000012   Code   RO          465    i.UART_LinkInputStream_DMA  enhancedstm32.o
    0x08003c9c   0x00000088   Code   RO         1687    i.UART_Receive_IT   stm32f7xx_hal_uart.o
    0x08003d24   0x0000038c   Code   RO         1688    i.UART_SetConfig    stm32f7xx_hal_uart.o
    0x080040b0   0x0000006a   Code   RO         1689    i.UART_Transmit_IT  stm32f7xx_hal_uart.o
    0x0800411a   0x0000006c   Code   RO         1690    i.UART_WaitOnFlagUntilTimeout  stm32f7xx_hal_uart.o
    0x08004186   0x00000002   PAD
    0x08004188   0x00000010   Code   RO         3644    i.USART1_IRQHandler  stm32f7xx_it.o
    0x08004198   0x00000010   Code   RO         3645    i.USART2_IRQHandler  stm32f7xx_it.o
    0x080041a8   0x00000010   Code   RO         3646    i.USART3_IRQHandler  stm32f7xx_it.o
    0x080041b8   0x00000004   Code   RO         3647    i.UsageFault_Handler  stm32f7xx_it.o
    0x080041bc   0x00000004   Code   RO         3429    i._Error_Handler    main.o
    0x080041c0   0x0000000e   Code   RO         4575    i.__scatterload_copy  mc_w.l(handlers.o)
    0x080041ce   0x00000002   Code   RO         4576    i.__scatterload_null  mc_w.l(handlers.o)
    0x080041d0   0x0000000e   Code   RO         4577    i.__scatterload_zeroinit  mc_w.l(handlers.o)
    0x080041de   0x00000002   PAD
    0x080041e0   0x00000050   Code   RO         4505    i.free              mc_w.l(malloc.o)
    0x08004230   0x00000030   Code   RO         3430    i.main              main.o
    0x08004260   0x0000006c   Code   RO         4506    i.malloc            mc_w.l(malloc.o)
    0x080042cc   0x00000018   Data   RO           15    .constdata          system_stm32f7xx.o
    0x080042e4   0x00000008   Data   RO         2403    .constdata          stm32f7xx_hal_dma.o
    0x080042ec   0x00000020   Data   RO         4573    Region$$Table       anon$$obj.o


    Execution Region RW_IRAM1 (Base: 0x20000000, Size: 0x000047a0, Max: 0x00080000, ABSOLUTE, COMPRESSED[0x00000084])

    Base Addr    Size         Type   Attr      Idx    E Section Name        Object

    0x20000000   0x00000004   Data   RW           16    .data               system_stm32f7xx.o
    0x20000004   0x00000008   Data   RW          148    .data               mainentry.o
    0x2000000c   0x0000009e   Data   RW          319    .data               device.o
    0x200000aa   0x00000002   PAD
    0x200000ac   0x00000009   Data   RW         2782    .data               stm32f7xx_hal.o
    0x200000b5   0x00000003   PAD
    0x200000b8   0x0000015c   Data   RW         3791    .data               message.o
    0x20000214   0x00000004   Data   RW         3854    .data               msg_qsens.o
    0x20000218   0x00000004   Data   RW         4554    .data               mc_w.l(mvars.o)
    0x2000021c   0x00000004   Data   RW         4555    .data               mc_w.l(mvars.o)
    0x20000220   0x0000159c   Zero   RW          318    .bss                device.o
    0x200017bc   0x00000040   Zero   RW         3525    .bss                tim.o
    0x200017fc   0x00000350   Zero   RW         3571    .bss                usart.o
    0x20001b4c   0x000001b0   Zero   RW         3790    .bss                message.o
    0x20001cfc   0x000000a0   Zero   RW         3853    .bss                msg_qsens.o
    0x20001d9c   0x00000004   PAD
    0x20001da0   0x00000200   Zero   RW            2    HEAP                startup_stm32f767xx.o
    0x20001fa0   0x00002800   Zero   RW            1    STACK               startup_stm32f767xx.o


==============================================================================

Image component sizes


      Code (inc. data)   RO Data    RW Data    ZI Data      Debug   Object Name

       492        106          0        158       5532       7616   device.o
        84          4          0          0          0        746   dma.o
        48         10          0          0          0        549   dvc_led.o
       568          0          0          0          0       5863   enhancedstm32.o
       196          0          0          0          0       3957   global.o
       220         12          0          0          0        967   gpio.o
       312         24          0          0          0       2149   main.o
       104         18          0          8          0       7510   mainentry.o
       148         40          0        348        432       2868   message.o
       452         32          0          0          0       2667   mg354.o
       574         26          0          4        160      12767   msg_qsens.o
      1072          0          0          0          0       8591   parseframe.o
        36          8        504          0      10752        832   startup_stm32f767xx.o
       134         26          0          9          0       3297   stm32f7xx_hal.o
       348         22          0          0          0      37593   stm32f7xx_hal_cortex.o
      1276         16          8          0          0       6182   stm32f7xx_hal_dma.o
       556         52          0          0          0       3017   stm32f7xx_hal_gpio.o
       148          6          0          0          0        882   stm32f7xx_hal_msp.o
       144          8          0          0          0       1264   stm32f7xx_hal_pwr_ex.o
      1860         70          0          0          0       5492   stm32f7xx_hal_rcc.o
      1880         16          0          0          0       2224   stm32f7xx_hal_rcc_ex.o
       740         44          0          0          0       5095   stm32f7xx_hal_tim.o
       112         10          0          0          0       2526   stm32f7xx_hal_tim_ex.o
      2916         80          0          0          0      17150   stm32f7xx_hal_uart.o
       180         54          0          0          0       8456   stm32f7xx_it.o
       100         18         24          4          0     854095   system_stm32f7xx.o
       160         34          0          0         64       1534   tim.o
      1112        186          0          0        848       4349   usart.o

    ----------------------------------------------------------------------
     16002        922        568        536      17792    1010238   Object Totals
         0          0         32          0          0          0   (incl. Generated)
        30          0          0          5          4          0   (incl. Padding)

    ----------------------------------------------------------------------

      Code (inc. data)   RO Data    RW Data    ZI Data      Debug   Library Member Name

        86          0          0          0          0          0   __dczerorl2.o
         0          0          0          0          0          0   entry.o
         0          0          0          0          0          0   entry10a.o
         0          0          0          0          0          0   entry11a.o
         8          4          0          0          0          0   entry2.o
         4          0          0          0          0          0   entry5.o
         0          0          0          0          0          0   entry7b.o
         0          0          0          0          0          0   entry8b.o
         8          4          0          0          0          0   entry9a.o
        30          0          0          0          0          0   handlers.o
        36          8          0          0          0         68   init.o
        30          0          0          0          0         68   llshl.o
        32          0          0          0          0         68   llushr.o
       188         20          0          0          0        160   malloc.o
        36          0          0          0          0         68   memcpya.o
        36          0          0          0          0        108   memseta.o
         0          0          0          8          0          0   mvars.o
        98          0          0          0          0         92   uldiv.o

    ----------------------------------------------------------------------
       594         36          0          8          0        632   Library Totals
         2          0          0          0          0          0   (incl. Padding)

    ----------------------------------------------------------------------

      Code (inc. data)   RO Data    RW Data    ZI Data      Debug   Library Name

       592         36          0          8          0        632   mc_w.l

    ----------------------------------------------------------------------
       594         36          0          8          0        632   Library Totals

    ----------------------------------------------------------------------

==============================================================================


      Code (inc. data)   RO Data    RW Data    ZI Data      Debug   

     16596        958        568        544      17792     997094   Grand Totals
     16596        958        568        132      17792     997094   ELF Image Totals (compressed)
     16596        958        568        132          0          0   ROM Totals

==============================================================================

    Total RO  Size (Code + RO Data)                17164 (  16.76kB)
    Total RW  Size (RW Data + ZI Data)             18336 (  17.91kB)
    Total ROM Size (Code + RO Data + RW Data)      17296 (  16.89kB)

==============================================================================

